Comparison debug log — 2026-09-05T12:02:36.939717
======================================================================

Selected impeller part numbers: ['2624331', '2624332', '4605505', '4787336']
======================================================================
  COMPARISON RUN
======================================================================
  px_file:       C:\Users\107087\OneDrive - Grundfos\Desktop\12MBPSD.xlsx
  date_start:    2025-01-01
  date_end:      2025-01-31
  tolerance:     3%
  test_iteration:3
  head_col:      tdh_bowl
  power_col:     power_bowl_dyno

======================================================================
  PX CURVES
======================================================================
  Curve number: 12MBHC-2624331
  Rated speed:  1775.0
  Trim count:   5
    Trim dia=8.96  attrs=['bep_efficiency', 'bep_flow', 'diameter', 'head', 'head_flow', 'npsh', 'npsh_flow', 'power', 'power_flow', 'shutoff_power']
    Trim dia=8.6425  attrs=['bep_efficiency', 'bep_flow', 'diameter', 'head', 'head_flow', 'npsh', 'npsh_flow', 'power', 'power_flow', 'shutoff_power']
    Trim dia=8.325  attrs=['bep_efficiency', 'bep_flow', 'diameter', 'head', 'head_flow', 'npsh', 'npsh_flow', 'power', 'power_flow', 'shutoff_power']
    Trim dia=8.0075  attrs=['bep_efficiency', 'bep_flow', 'diameter', 'head', 'head_flow', 'npsh', 'npsh_flow', 'power', 'power_flow', 'shutoff_power']
    Trim dia=7.69  attrs=['bep_efficiency', 'bep_flow', 'diameter', 'head', 'head_flow', 'npsh', 'npsh_flow', 'power', 'power_flow', 'shutoff_power']

======================================================================
  CLASSIFICATION
======================================================================
  pump_type:       vertical
  index_name:      new_test_list
  trim_column:     impeller_trim
  bowl_diameter:   12
  detail_path:     12MB
  base_model_name: MB
  impeller_part:   2624331

======================================================================
  INDEX SEARCH
======================================================================
Mixed impellers filter applied using 'mixed_impellers': 8 rows -> 8 rows. Removed=0
Applied vertical impeller part filter: 8 rows -> 8 rows. Selected=['2624331', '2624332', '4605505', '4787336']
  Index file path: X:\US\Ind\Prod\Verttest\NEWTESTLISTv.2.xlsx
  File exists: True
  Index 'new_test_list': 13570 rows loaded
  Columns: ['test_date', 'test_id', 'job_number', 'order_type', 'test_run', 'test_type', 'pass_fail', 'bowl_size', 'pump_model', 'fire_pump', 'num_stages', 'configuration', 'mixed_bowl', 'first_stg_size', 'first_stg_model', 'bowl_material', 'imp_part_num', 'imp_material', 'impeller_trim', 'mixed_impellers', 'first_stg_imp', 'first_stg_mat', 'first_stg_trim', 'rated_flow', 'rated_head', 'guaranteed_eff', 'test_grade', 'rpm', 'driver', 'driver_speed', 'customer', 'trim_source', 'trim_source_2', 'failure_cause', 'comments', 'valid_test', 'px_trim', 'px_pass_fail', 'px_eff', 'test_eff', 'test_head', 'test_bep_flow', 'test_bep_head', 'test_bep_eff', 'pattern_notes', 'Column1', '_source_index']
  Model search regex: ^\s*[A-Za-z]?MB[A-Za-z]?\s*$
  Unique pump_model values: 54
  Sample models: [' MA', 'GLLG', 'GLME', 'GLME/LC', 'GLME/MC', 'HD', 'HDX', 'HH']
  After model filter: 1980 rows (from 13570)
  After bowl size filter (bowl_size=12): 1980 rows (from 1980)
  Sample test_date values: ['2024-07-31', '2024-07-31', '2024-07-29', '2024-07-29', '2024-07-26']
  After date filter [2025-01-01 to 2025-01-31]: 8 rows (from 1980)
  After test iteration filter: 8 rows (from 8)
  After mixed impellers filter: 8 rows (from 8)
  After vertical impeller part filter: 8 rows (from 8)

  Trim column: 'impeller_trim'  found=True  is_vertical=True
  Raw trim samples:
    [0] type=str  value='(4) @ 8.62 x 8.62 Fig1. To 0.03125 AS CAST
  '
    [1] type=str  value='(4) @ 8.61 x 8.61 Fig1. To 0.03125 75RA
  '
    [2] type=str  value='(4) @ 8.88 x 8.88 Fig1. To 0.03125 AS CAST
(2) @ 8.58 x 8.58 Fig1. To 0.03125 AS CAST
 '
    [3] type=str  value='(1) @ 8.58 x 8.58 Fig1. To 0.03125 Deburr
  '
    [4] type=str  value='(6) @ 8.88 x 8.88 Fig1. To 0.03125 AS CAST
  '

----------------------------------------------------------------------
  PER-ROW TRIM PARSING
----------------------------------------------------------------------

  test_id=99272133080010A1P
    raw trim: type=str  value='(4) @ 8.62 x 8.62 Fig1. To 0.03125 AS CAST
  '
      [extract_trim] is_vertical=True  has_@=True
      [extract_trim] → _parse_vertical_trim
      [parse_vt] input='(4) @ 8.62 x 8.62 Fig1. To 0.03125 AS CAST'
      [parse_vt] regex matched 1 group(s)
        (4) @ 8.62 x 8.62  avg=8.6200  contrib=4×8.6200=34.4800
      [parse_vt] RESULT: 34.4800 / 4 = 8.6200
      [parse_vt] upper=8.6200  lower=8.6200
      [parse_vt] filing_info='Fig1. To 0.03125'
    → trim_diameter=8.62, num_stages=4, filing='Fig1. To 0.03125'
    → upper=8.6200, lower=8.6200, conical=no
    ✓ trim=8.6200, stages=4, rpm=1760.0, model='MB', filing='Fig1. To 0.03125'

  test_id=99272135710010A1P
    raw trim: type=str  value='(4) @ 8.61 x 8.61 Fig1. To 0.03125 75RA
  '
      [extract_trim] POLISHED detected in '(4) @ 8.61 x 8.61 Fig1. To 0.03125 75RA'
      [extract_trim] is_vertical=True  has_@=True
      [extract_trim] → _parse_vertical_trim
      [parse_vt] input='(4) @ 8.61 x 8.61 Fig1. To 0.03125 75RA'
      [parse_vt] regex matched 1 group(s)
        (4) @ 8.61 x 8.61  avg=8.6100  contrib=4×8.6100=34.4400
      [parse_vt] RESULT: 34.4400 / 4 = 8.6100
      [parse_vt] upper=8.6100  lower=8.6100
      [parse_vt] filing_info='Fig1. To 0.03125'
    → trim_diameter=8.61, num_stages=4, filing='Fig1. To 0.03125'
    → upper=8.6100, lower=8.6100, conical=no
    → POLISHED impeller detected
    ✓ trim=8.6100, stages=4, rpm=1785.0, model='MMB', filing='Fig1. To 0.03125'

  test_id=99272120720010A2P
    raw trim: type=str  value='(4) @ 8.88 x 8.88 Fig1. To 0.03125 AS CAST
(2) @ 8.58 x 8.58 Fig1. To 0.03125 AS CAST
 '
      [extract_trim] is_vertical=True  has_@=True
      [extract_trim] → _parse_vertical_trim
      [parse_vt] input='(4) @ 8.88 x 8.88 Fig1. To 0.03125 AS CAST
(2) @ 8.58 x 8.58 Fig1. To 0.03125 AS CAST'
      [parse_vt] regex matched 2 group(s)
        (4) @ 8.88 x 8.88  avg=8.8800  contrib=4×8.8800=35.5200
        (2) @ 8.58 x 8.58  avg=8.5800  contrib=2×8.5800=17.1600
      [parse_vt] RESULT: 52.6800 / 6 = 8.7800
      [parse_vt] upper=8.7800  lower=8.7800
      [parse_vt] filing_info='Fig1. To 0.03125'
    → trim_diameter=8.780000000000001, num_stages=6, filing='Fig1. To 0.03125'
    → upper=8.7800, lower=8.7800, conical=no
    MT badge detected from impeller_trim: (4) @ 8.88 x 8.88 Fig1. To 0.03125 AS CAST
(2) @ 8.58 x 8.58 Fig1. To 0.03125 AS CAST
 
    ✓ trim=8.7800, stages=6, rpm=1760.0, model='MB', filing='Fig1. To 0.03125'

  test_id=99272068280030A1P
    raw trim: type=str  value='(1) @ 8.58 x 8.58 Fig1. To 0.03125 Deburr
  '
      [extract_trim] is_vertical=True  has_@=True
      [extract_trim] → _parse_vertical_trim
      [parse_vt] input='(1) @ 8.58 x 8.58 Fig1. To 0.03125 Deburr'
      [parse_vt] regex matched 1 group(s)
        (1) @ 8.58 x 8.58  avg=8.5800  contrib=1×8.5800=8.5800
      [parse_vt] RESULT: 8.5800 / 1 = 8.5800
      [parse_vt] upper=8.5800  lower=8.5800
      [parse_vt] filing_info='Fig1. To 0.03125'
    → trim_diameter=8.58, num_stages=1, filing='Fig1. To 0.03125'
    → upper=8.5800, lower=8.5800, conical=no
    stages fallback: 1 → 1 (from 'num_stages' column)
    ✓ trim=8.5800, stages=1, rpm=1190.0, model='MB', filing='Fig1. To 0.03125'

  test_id=99272120730010A1P
    raw trim: type=str  value='(6) @ 8.88 x 8.88 Fig1. To 0.03125 AS CAST
  '
      [extract_trim] is_vertical=True  has_@=True
      [extract_trim] → _parse_vertical_trim
      [parse_vt] input='(6) @ 8.88 x 8.88 Fig1. To 0.03125 AS CAST'
      [parse_vt] regex matched 1 group(s)
        (6) @ 8.88 x 8.88  avg=8.8800  contrib=6×8.8800=53.2800
      [parse_vt] RESULT: 53.2800 / 6 = 8.8800
      [parse_vt] upper=8.8800  lower=8.8800
      [parse_vt] filing_info='Fig1. To 0.03125'
    → trim_diameter=8.88, num_stages=6, filing='Fig1. To 0.03125'
    → upper=8.8800, lower=8.8800, conical=no
    ✓ trim=8.8800, stages=6, rpm=1760.0, model='MB', filing='Fig1. To 0.03125'

  test_id=99272126520010A1P
    raw trim: type=str  value='(4) @ 8.66 x 8.66 Fig1. To 0.03125 AS CAST
  '
      [extract_trim] is_vertical=True  has_@=True
      [extract_trim] → _parse_vertical_trim
      [parse_vt] input='(4) @ 8.66 x 8.66 Fig1. To 0.03125 AS CAST'
      [parse_vt] regex matched 1 group(s)
        (4) @ 8.66 x 8.66  avg=8.6600  contrib=4×8.6600=34.6400
      [parse_vt] RESULT: 34.6400 / 4 = 8.6600
      [parse_vt] upper=8.6600  lower=8.6600
      [parse_vt] filing_info='Fig1. To 0.03125'
    → trim_diameter=8.66, num_stages=4, filing='Fig1. To 0.03125'
    → upper=8.6600, lower=8.6600, conical=no
    ✓ trim=8.6600, stages=4, rpm=1760.0, model='MB', filing='Fig1. To 0.03125'

  test_id=99272127620010A1P
    raw trim: type=str  value='(9) @ 8.76 x 8.76 Fig1. To 0.1875 AS CAST
  '
      [extract_trim] is_vertical=True  has_@=True
      [extract_trim] → _parse_vertical_trim
      [parse_vt] input='(9) @ 8.76 x 8.76 Fig1. To 0.1875 AS CAST'
      [parse_vt] regex matched 1 group(s)
        (9) @ 8.76 x 8.76  avg=8.7600  contrib=9×8.7600=78.8400
      [parse_vt] RESULT: 78.8400 / 9 = 8.7600
      [parse_vt] upper=8.7600  lower=8.7600
      [parse_vt] filing_info='Fig1. To 0.1875'
    → trim_diameter=8.76, num_stages=9, filing='Fig1. To 0.1875'
    → upper=8.7600, lower=8.7600, conical=no
    ✓ trim=8.7600, stages=9, rpm=1760.0, model='MB', filing='Fig1. To 0.1875'

  test_id=99272150800010A1P
    raw trim: type=str  value='(9) @ 8.74 x 8.74 Fig1. To 0.1875 AS CAST
  '
      [extract_trim] is_vertical=True  has_@=True
      [extract_trim] → _parse_vertical_trim
      [parse_vt] input='(9) @ 8.74 x 8.74 Fig1. To 0.1875 AS CAST'
      [parse_vt] regex matched 1 group(s)
        (9) @ 8.74 x 8.74  avg=8.7400  contrib=9×8.7400=78.6600
      [parse_vt] RESULT: 78.6600 / 9 = 8.7400
      [parse_vt] upper=8.7400  lower=8.7400
      [parse_vt] filing_info='Fig1. To 0.1875'
    → trim_diameter=8.74, num_stages=9, filing='Fig1. To 0.1875'
    → upper=8.7400, lower=8.7400, conical=no
    ✓ trim=8.7400, stages=9, rpm=1760.0, model='MB', filing='Fig1. To 0.1875'

  Total matches: 8, skipped (no trim): 0
  Unique trims: ['8.5800', '8.6100', '8.6200', '8.6600', '8.7400', '8.7600', '8.7800', '8.8800']
  Unique stages: [1, 4, 6, 9]

======================================================================
  TRIM GROUPING
======================================================================
  PX baseline diameters: [8.96, 8.6425, 8.325, 8.0075, 7.69]
  PX baseline speed:     1775.0
  Tolerance:             3%
  Input tests:           8

  Speed filter: 8 kept, 0 excluded

  [TRIM] 99272133080010A1P: test_trim=8.6200 → nearest_px=8.6425  diff=0.26%  ASSIGNED
  [TRIM] 99272135710010A1P: test_trim=8.6100 → nearest_px=8.6425  diff=0.38%  ASSIGNED
  [TRIM] 99272120720010A2P: test_trim=8.7800 → nearest_px=8.6425  diff=1.59%  ASSIGNED
  [TRIM] 99272068280030A1P: test_trim=8.5800 → nearest_px=8.6425  diff=0.72%  ASSIGNED
  [TRIM] 99272120730010A1P: test_trim=8.8800 → nearest_px=8.9600  diff=0.89%  ASSIGNED
  [TRIM] 99272126520010A1P: test_trim=8.6600 → nearest_px=8.6425  diff=0.20%  ASSIGNED
  [TRIM] 99272127620010A1P: test_trim=8.7600 → nearest_px=8.6425  diff=1.36%  ASSIGNED
  [TRIM] 99272150800010A1P: test_trim=8.7400 → nearest_px=8.6425  diff=1.13%  ASSIGNED

  ── [GROUP] PX baseline=8.9600 ──
    tests:        1
    trims:        ['8.8800']
    avg_trim:     8.8800
    dia_ratio:    8.9600 / 8.8800 = 1.009009
    avg_rpm:      1760.0
    speed_ratio:  1775.0 / 1760.0 = 1.008523
  ── [GROUP] PX baseline=8.6425 ──
    tests:        7
    trims:        ['8.6200', '8.6100', '8.7800', '8.5800', '8.6600', '8.7600', '8.7400']
    avg_trim:     8.6786
    dia_ratio:    8.6425 / 8.6786 = 0.995844
    avg_rpm:      1682.1
    speed_ratio:  1775.0 / 1682.1 = 1.055202
   [GROUP EMPTY] PX=8.3250: no tests
   [GROUP EMPTY] PX=8.0075: no tests
   [GROUP EMPTY] PX=7.6900: no tests
  [PATH] 99272120730010A1P → X:\US\Ind\Proj\Manufacturing\Voyage\TestData\12MB\35_fire pumps\12MBF 750gpm 1760rpm\12MBF 6-STG\99272120730010A1P.xlsm  exists=True
  [PATH] 99272133080010A1P → X:\US\Ind\Proj\Manufacturing\Voyage\TestData\12MB\35_fire pumps\12MBF 1000gpm 1760rpm\12MBF 4-stg\99272133080010A1P.xlsm  exists=True
  [PATH] 99272135710010A1P → X:\US\Ind\Proj\Manufacturing\Voyage\TestData\M12MB\30_4605505 high capacity\99272135710010A1P.xlsm  exists=True
  [PATH] 99272120720010A2P → X:\US\Ind\Proj\Manufacturing\Voyage\TestData\12MB\35_fire pumps\12MBF 750gpm 1760rpm\12MBF 6-STG\99272120720010A2P.xlsm  exists=True
  [PATH] 99272068280030A1P → X:\US\Ind\Proj\Manufacturing\Voyage\TestData\12MB\30_2624331 hi cap\99272068280030A1P.xlsm  exists=True
  [PATH] 99272126520010A1P → X:\US\Ind\Proj\Manufacturing\Voyage\TestData\12MB\35_fire pumps\12MBF 1000gpm 1760rpm\12MBF 4-stg\99272126520010A1PD.xlsm  exists=True
  [PATH] 99272127620010A1P → X:\US\Ind\Proj\Manufacturing\Voyage\TestData\12MB\35_fire pumps\12MBF 750gpm 1760rpm\12MBF 9-STG\99272127620010A1P.xlsm  exists=True
  [PATH] 99272150800010A1P → X:\US\Ind\Proj\Manufacturing\Voyage\TestData\12MB\35_fire pumps\12MBF 750gpm 1760rpm\12MBF 9-STG\99272150800010A1P.xlsm  exists=True
  0 cached, 8 found, 8 to copy

======================================================================
  DETAIL DATA + SCALING
======================================================================

  ── Group: PX baseline=8.9600, 1 tests, affinity=True ──

  ── [LOAD+SCALE] 99272120730010A1P ──
    trim=8.8800, stages=6, rpm=1760.0, filing='Fig1. To 0.03125'
    columns: ['curve_no', 'flow', 'speed', 'power_in', 'power_bowl_motor', 'power_bowl_dyno', 'power_pump_motor', 'power_pump_dyno', 'tdh_bowl', 'tdh_pump', 'eff_bowl_motor', 'eff_bowl_dyno', 'eff_pump_motor', 'eff_pump_dyno', 'eff_overall', 'npsha']
    rows: 12
    flow: 12 pts
      values: ['12.29', '286.55', '445.74', '601.81', '731.15', '751.08', '770.20', '907.63', '1124.88', '1125.32', '1221.23', '1294.28']
    head ('tdh_bowl'): 12 pts
      values: ['435.82', '414.22', '406.09', '396.44', '385.27', '382.47', '380.25', '360.10', '307.78', '307.75', '279.14', '255.58']
    power ('power_bowl_dyno'): all zero/negative — trying fallback
    power FALLBACK ('power_bowl_motor'): 12 pts
      values: ['43.7509', '62.4554', '74.8573', '85.3539', '92.9698', '94.0450', '95.1054', '100.7825', '103.8270', '103.7754', '102.7236', '101.6367']
    efficiency ('eff_bowl_motor'): 12 pts
      values: ['3.09', '47.91', '60.96', '70.46', '76.38', '77.00', '77.63', '81.75', '84.06', '84.13', '83.66', '82.05']
    [FTS] Checking packing/bearing loss...
    [FTS] file: C:\Users\107087\AppData\Local\Temp\px_detail_cw4qrmio\99272120730010A1P.xlsm
    [FTS] friction coefficient: 0.1
    [FTS] Read 21 BA rows from TEST DATA
    [FTS] BA values (first 10): [0.0, 0.0, 0.0, 0.0, 0.0, 0.0, 0.0, 0.0, 0.0, 0.0]
    [FTS] BA is all zeros — computing packing loss
    [FTS] Line shaft diameter: 1.5000"
    [FTS] Using 'tdh_bowl' for discharge pressure
    [FTS] Speed (first 5): ['1760.0', '1760.0', '1760.0', '1760.0', '1760.0']
    [FTS] Pressure (first 5): ['435.82', '414.22', '406.09', '396.44', '385.27']
    [FTS] Packing cross section: 0.5" (shaft >= 1.0")
    [FTS] Contact area: 0.5 × 0.94 × 1.5000 × π = 2.214823 in²
    [FTS] shaft_radius_ft: 0.062500
    [FTS] Loss HP (first 5): ['1.617350', '1.537181', '1.507013', '1.471203', '1.429774']
    [FTS] Loss HP range: 0.948466 — 1.617350
    [FTS] Power correction applied:
      Original power (first 5): ['43.7509', '62.4554', '74.8573', '85.3539', '92.9698']
      Loss HP       (first 5): ['1.617350', '1.537181', '1.507013', '1.471203', '1.429774']
      Corrected     (first 5): ['42.1336', '60.9182', '73.3503', '83.8827', '91.5400']
      Avg loss: 1.3332 HP
      Max loss: 1.6173 HP
    power BEFORE FTS: ['43.7509', '62.4554', '74.8573', '85.3539', '92.9698', '94.0450', '95.1054', '100.7825', '103.8270', '103.7754', '102.7236', '101.6367']
    power AFTER FTS:  ['42.1336', '60.9182', '73.3503', '83.8827', '91.5400', '92.6257', '93.6943', '99.4461', '102.6848', '102.6333', '101.6877', '100.6882']
    [STAGE NORM] 6-stage → dividing head & power by 6
      head BEFORE: ['435.82', '414.22', '406.09', '396.44', '385.27', '382.47', '380.25', '360.10', '307.78', '307.75', '279.14', '255.58']
      head AFTER:  ['72.64', '69.04', '67.68', '66.07', '64.21', '63.74', '63.38', '60.02', '51.30', '51.29', '46.52', '42.60']
      power BEFORE: ['42.1336', '60.9182', '73.3503', '83.8827', '91.5400', '92.6257', '93.6943', '99.4461', '102.6848', '102.6333', '101.6877', '100.6882']
      power AFTER:  ['7.0223', '10.1530', '12.2251', '13.9804', '15.2567', '15.4376', '15.6157', '16.5744', '17.1141', '17.1056', '16.9480', '16.7814']
    [AFFINITY]
      test_diameter:     8.8800
      baseline_diameter: 8.9600
      dia_ratio:         8.9600/8.8800 = 1.009009
      test_rpm:          1760.0
      baseline_rpm:      1775.0
      speed_ratio:       1775.0/1760.0 = 1.008523
      scaled_flow:  ['12.51', '291.59', '453.58', '612.41', '744.02', '764.30', '783.76', '923.62', '1144.69', '1145.14', '1242.74', '1317.07']
      scaled_head:  ['75.22', '71.49', '70.09', '68.42', '66.49', '66.01', '65.63', '62.15', '53.12', '53.11', '48.18', '44.11']
      scaled_power: ['7.3998', '10.6989', '12.8823', '14.7321', '16.0769', '16.2676', '16.4552', '17.4654', '18.0342', '18.0252', '17.8591', '17.6836']
    [FINAL] plotted_flow:  [12.51 → 1317.07]
    [FINAL] plotted_head:  [75.22 → 44.11]
    [FINAL] plotted_power: [7.3998 → 17.6836]
    [FINAL] plotted_eff:   [3.09 → 82.05]

  ── Group: PX baseline=8.6425, 7 tests, affinity=True ──

  ── [LOAD+SCALE] 99272133080010A1P ──
    trim=8.6200, stages=4, rpm=1760.0, filing='Fig1. To 0.03125'
    columns: ['curve_no', 'flow', 'speed', 'power_in', 'power_bowl_motor', 'power_bowl_dyno', 'power_pump_motor', 'power_pump_dyno', 'tdh_bowl', 'tdh_pump', 'eff_bowl_motor', 'eff_bowl_dyno', 'eff_pump_motor', 'eff_pump_dyno', 'eff_overall', 'npsha']
    rows: 10
    flow: 10 pts
      values: ['3.92', '587.94', '799.94', '956.41', '1002.00', '1026.55', '1196.36', '1514.73', '1590.83', '1702.00']
    head ('tdh_bowl'): 10 pts
      values: ['306.18', '275.95', '267.53', '254.19', '249.93', '246.87', '227.78', '178.22', '164.23', '142.11']
    power ('power_bowl_dyno'): all zero/negative — trying fallback
    power FALLBACK ('power_bowl_motor'): 10 pts
      values: ['39.9331', '63.7420', '72.4748', '77.8354', '79.1653', '79.7696', '83.1292', '84.9913', '84.3914', '82.6266']
    efficiency ('eff_bowl_motor'): 10 pts
      values: ['0.76', '64.16', '74.44', '78.74', '79.74', '80.09', '82.64', '80.07', '78.04', '73.79']
    [FTS] Checking packing/bearing loss...
    [FTS] file: C:\Users\107087\AppData\Local\Temp\px_detail_cw4qrmio\99272133080010A1P.xlsm
    [FTS] friction coefficient: 0.1
    [FTS] Read 19 BA rows from TEST DATA
    [FTS] BA values (first 10): [0.0, 0.0, 0.0, 0.0, 0.0, 0.0, 0.0, 0.0, 0.0, 0.0]
    [FTS] BA is all zeros — computing packing loss
    [FTS] Line shaft diameter: 1.5000"
    [FTS] Using 'tdh_bowl' for discharge pressure
    [FTS] Speed (first 5): ['1760.0', '1760.0', '1760.0', '1760.0', '1760.0']
    [FTS] Pressure (first 5): ['306.18', '275.95', '267.53', '254.19', '249.93']
    [FTS] Packing cross section: 0.5" (shaft >= 1.0")
    [FTS] Contact area: 0.5 × 0.94 × 1.5000 × π = 2.214823 in²
    [FTS] shaft_radius_ft: 0.062500
    [FTS] Loss HP (first 5): ['1.136238', '1.024056', '0.992821', '0.943327', '0.927496']
    [FTS] Loss HP range: 0.527362 — 1.136238
    [FTS] Power correction applied:
      Original power (first 5): ['39.9331', '63.7420', '72.4748', '77.8354', '79.1653']
      Loss HP       (first 5): ['1.136238', '1.024056', '0.992821', '0.943327', '0.927496']
      Corrected     (first 5): ['38.7969', '62.7180', '71.4820', '76.8921', '78.2378']
      Avg loss: 0.8584 HP
      Max loss: 1.1362 HP
    power BEFORE FTS: ['39.9331', '63.7420', '72.4748', '77.8354', '79.1653', '79.7696', '83.1292', '84.9913', '84.3914', '82.6266']
    power AFTER FTS:  ['38.7969', '62.7180', '71.4820', '76.8921', '78.2378', '78.8535', '82.2839', '84.3299', '83.7819', '82.0992']
    [STAGE NORM] 4-stage → dividing head & power by 4
      head BEFORE: ['306.18', '275.95', '267.53', '254.19', '249.93', '246.87', '227.78', '178.22', '164.23', '142.11']
      head AFTER:  ['76.54', '68.99', '66.88', '63.55', '62.48', '61.72', '56.94', '44.55', '41.06', '35.53']
      power BEFORE: ['38.7969', '62.7180', '71.4820', '76.8921', '78.2378', '78.8535', '82.2839', '84.3299', '83.7819', '82.0992']
      power AFTER:  ['9.6992', '15.6795', '17.8705', '19.2230', '19.5594', '19.7134', '20.5710', '21.0825', '20.9455', '20.5248']
    [AFFINITY]
      test_diameter:     8.6200
      baseline_diameter: 8.6425
      dia_ratio:         8.6425/8.6200 = 1.002610
      test_rpm:          1760.0
      baseline_rpm:      1775.0
      speed_ratio:       1775.0/1760.0 = 1.008523
      scaled_flow:  ['3.96', '594.50', '808.86', '967.08', '1013.18', '1038.00', '1209.71', '1531.63', '1608.58', '1720.99']
      scaled_head:  ['78.26', '70.53', '68.38', '64.97', '63.88', '63.10', '58.22', '45.55', '41.98', '36.32']
      scaled_power: ['10.0274', '16.2101', '18.4752', '19.8735', '20.2213', '20.3805', '21.2671', '21.7959', '21.6543', '21.2194']
    [FINAL] plotted_flow:  [3.96 → 1720.99]
    [FINAL] plotted_head:  [78.26 → 36.32]
    [FINAL] plotted_power: [10.0274 → 21.2194]
    [FINAL] plotted_eff:   [0.76 → 73.79]

  ── [LOAD+SCALE] 99272135710010A1P ──
    trim=8.6100, stages=4, rpm=1785.0, filing='Fig1. To 0.03125'
    columns: ['curve_no', 'flow', 'speed', 'power_in', 'power_bowl_motor', 'power_bowl_dyno', 'power_pump_motor', 'power_pump_dyno', 'tdh_bowl', 'tdh_pump', 'eff_bowl_motor', 'eff_bowl_dyno', 'eff_pump_motor', 'eff_pump_dyno', 'eff_overall', 'npsha']
    rows: 10
    flow: 10 pts
      values: ['11.35', '490.01', '954.21', '1155.03', '1202.01', '1257.67', '1430.60', '1607.31', '1790.36', '1885.63']
    head ('tdh_bowl'): 10 pts
      values: ['306.19', '282.01', '258.91', '237.63', '231.11', '223.12', '198.84', '170.01', '131.26', '103.52']
    power ('power_bowl_dyno'): all zero/negative — trying fallback
    power FALLBACK ('power_bowl_motor'): 10 pts
      values: ['40.8197', '60.7428', '79.5000', '84.2969', '85.2106', '85.9751', '87.8294', '87.6708', '84.6621', '81.0847']
    efficiency ('eff_bowl_motor'): 10 pts
      values: ['2.15', '57.43', '78.45', '82.20', '82.30', '82.40', '81.76', '78.69', '70.07', '60.77']
    [FTS] Checking packing/bearing loss...
    [FTS] file: C:\Users\107087\AppData\Local\Temp\px_detail_cw4qrmio\99272135710010A1P.xlsm
    [FTS] friction coefficient: 0.1
    [FTS] Read 19 BA rows from TEST DATA
    [FTS] BA values (first 10): [0.0, 0.0, 0.0, 0.0, 0.0, 0.0, 0.0, 0.0, 0.0, 0.0]
    [FTS] BA is all zeros — computing packing loss
    [FTS] Line shaft diameter: 1.5000"
    [FTS] Using 'tdh_bowl' for discharge pressure
    [FTS] Speed (first 5): ['1785.0', '1785.0', '1785.0', '1785.0', '1785.0']
    [FTS] Pressure (first 5): ['306.19', '282.01', '258.91', '237.63', '231.11']
    [FTS] Packing cross section: 0.5" (shaft >= 1.0")
    [FTS] Contact area: 0.5 × 0.94 × 1.5000 × π = 2.214823 in²
    [FTS] shaft_radius_ft: 0.062500
    [FTS] Loss HP (first 5): ['1.152441', '1.061407', '0.974472', '0.894402', '0.869839']
    [FTS] Loss HP range: 0.389617 — 1.152441
    [FTS] Power correction applied:
      Original power (first 5): ['40.8197', '60.7428', '79.5000', '84.2969', '85.2106']
      Loss HP       (first 5): ['1.152441', '1.061407', '0.974472', '0.894402', '0.869839']
      Corrected     (first 5): ['39.6672', '59.6814', '78.5256', '83.4025', '84.3408']
      Avg loss: 0.8064 HP
      Max loss: 1.1524 HP
    power BEFORE FTS: ['40.8197', '60.7428', '79.5000', '84.2969', '85.2106', '85.9751', '87.8294', '87.6708', '84.6621', '81.0847']
    power AFTER FTS:  ['39.6672', '59.6814', '78.5256', '83.4025', '84.3408', '85.1353', '87.0810', '87.0309', '84.1681', '80.6951']
    [STAGE NORM] 4-stage → dividing head & power by 4
      head BEFORE: ['306.19', '282.01', '258.91', '237.63', '231.11', '223.12', '198.84', '170.01', '131.26', '103.52']
      head AFTER:  ['76.55', '70.50', '64.73', '59.41', '57.78', '55.78', '49.71', '42.50', '32.81', '25.88']
      power BEFORE: ['39.6672', '59.6814', '78.5256', '83.4025', '84.3408', '85.1353', '87.0810', '87.0309', '84.1681', '80.6951']
      power AFTER:  ['9.9168', '14.9203', '19.6314', '20.8506', '21.0852', '21.2838', '21.7703', '21.7577', '21.0420', '20.1738']
    [AFFINITY]
      test_diameter:     8.6100
      baseline_diameter: 8.6425
      dia_ratio:         8.6425/8.6100 = 1.003775
      test_rpm:          1785.0
      baseline_rpm:      1775.0
      speed_ratio:       1775.0/1785.0 = 0.994398
      scaled_flow:  ['11.33', '489.11', '952.45', '1152.90', '1199.79', '1255.35', '1427.95', '1604.33', '1787.05', '1882.14']
      scaled_head:  ['76.27', '70.24', '64.49', '59.19', '57.56', '55.57', '49.53', '42.35', '32.69', '25.78']
      scaled_power: ['9.8619', '14.8377', '19.5227', '20.7352', '20.9685', '21.1660', '21.6497', '21.6373', '20.9255', '20.0621']
    [FINAL] plotted_flow:  [11.33 → 1882.14]
    [FINAL] plotted_head:  [76.27 → 25.78]
    [FINAL] plotted_power: [9.8619 → 20.0621]
    [FINAL] plotted_eff:   [2.15 → 60.77]

  ── [LOAD+SCALE] 99272120720010A2P ──
    trim=8.7800, stages=6, rpm=1760.0, filing='Fig1. To 0.03125'
    columns: ['curve_no', 'flow', 'speed', 'power_in', 'power_bowl_motor', 'power_bowl_dyno', 'power_pump_motor', 'power_pump_dyno', 'tdh_bowl', 'tdh_pump', 'eff_bowl_motor', 'eff_bowl_dyno', 'eff_pump_motor', 'eff_pump_dyno', 'eff_overall', 'npsha']
    rows: 11
    flow: 11 pts
      values: ['9.72', '448.00', '595.91', '734.35', '746.95', '747.69', '773.73', '909.58', '1129.54', '1217.56', '1384.80']
    head ('tdh_bowl'): 11 pts
      values: ['418.23', '398.86', '388.17', '374.52', '372.83', '373.05', '369.73', '349.65', '296.36', '271.47', '216.84']
    power ('power_bowl_dyno'): all zero/negative — trying fallback
    power FALLBACK ('power_bowl_motor'): 11 pts
      values: ['42.8131', '75.1928', '83.9642', '91.0102', '91.5142', '91.5894', '92.7768', '97.7216', '100.0534', '99.3491', '95.7506']
    efficiency ('eff_bowl_motor'): 11 pts
      values: ['2.39', '59.91', '69.45', '76.18', '76.71', '76.77', '77.73', '82.04', '84.34', '83.87', '79.06']
    [FTS] Checking packing/bearing loss...
    [FTS] file: C:\Users\107087\AppData\Local\Temp\px_detail_cw4qrmio\99272120720010A2P.xlsm
    [FTS] friction coefficient: 0.1
    [FTS] Read 20 BA rows from TEST DATA
    [FTS] BA values (first 10): [0.0, 0.0, 0.0, 0.0, 0.0, 0.0, 0.0, 0.0, 0.0, 0.0]
    [FTS] BA is all zeros — computing packing loss
    [FTS] Line shaft diameter: 1.5000"
    [FTS] Using 'tdh_bowl' for discharge pressure
    [FTS] Speed (first 5): ['1760.0', '1760.0', '1760.0', '1760.0', '1760.0']
    [FTS] Pressure (first 5): ['418.23', '398.86', '388.17', '374.52', '372.83']
    [FTS] Packing cross section: 0.5" (shaft >= 1.0")
    [FTS] Contact area: 0.5 × 0.94 × 1.5000 × π = 2.214823 in²
    [FTS] shaft_radius_ft: 0.062500
    [FTS] Loss HP (first 5): ['1.552059', '1.480194', '1.440536', '1.389856', '1.383586']
    [FTS] Loss HP range: 0.804704 — 1.552059
    [FTS] Power correction applied:
      Original power (first 5): ['42.8131', '75.1928', '83.9642', '91.0102', '91.5142']
      Loss HP       (first 5): ['1.552059', '1.480194', '1.440536', '1.389856', '1.383586']
      Corrected     (first 5): ['41.2611', '73.7126', '82.5237', '89.6203', '90.1306']
      Avg loss: 1.2920 HP
      Max loss: 1.5521 HP
    power BEFORE FTS: ['42.8131', '75.1928', '83.9642', '91.0102', '91.5142', '91.5894', '92.7768', '97.7216', '100.0534', '99.3491', '95.7506']
    power AFTER FTS:  ['41.2611', '73.7126', '82.5237', '89.6203', '90.1306', '90.2050', '91.4047', '96.4240', '98.9536', '98.3417', '94.9459']
    [STAGE NORM] 6-stage → dividing head & power by 6
      head BEFORE: ['418.23', '398.86', '388.17', '374.52', '372.83', '373.05', '369.73', '349.65', '296.36', '271.47', '216.84']
      head AFTER:  ['69.70', '66.48', '64.70', '62.42', '62.14', '62.18', '61.62', '58.28', '49.39', '45.24', '36.14']
      power BEFORE: ['41.2611', '73.7126', '82.5237', '89.6203', '90.1306', '90.2050', '91.4047', '96.4240', '98.9536', '98.3417', '94.9459']
      power AFTER:  ['6.8768', '12.2854', '13.7539', '14.9367', '15.0218', '15.0342', '15.2341', '16.0707', '16.4923', '16.3903', '15.8243']
    [AFFINITY]
      test_diameter:     8.7800
      baseline_diameter: 8.6425
      dia_ratio:         8.6425/8.7800 = 0.984339
      test_rpm:          1760.0
      baseline_rpm:      1775.0
      speed_ratio:       1775.0/1760.0 = 1.008523
      scaled_flow:  ['9.65', '444.74', '591.58', '729.01', '741.52', '742.25', '768.10', '902.96', '1121.32', '1208.70', '1374.73']
      scaled_head:  ['68.69', '65.51', '63.76', '61.52', '61.24', '61.27', '60.73', '57.43', '48.68', '44.59', '35.62']
      scaled_power: ['6.7279', '12.0194', '13.4561', '14.6133', '14.6965', '14.7086', '14.9042', '15.7227', '16.1351', '16.0353', '15.4816']
    [FINAL] plotted_flow:  [9.65 → 1374.73]
    [FINAL] plotted_head:  [68.69 → 35.62]
    [FINAL] plotted_power: [6.7279 → 15.4816]
    [FINAL] plotted_eff:   [2.39 → 79.06]

  ── [LOAD+SCALE] 99272068280030A1P ──
    trim=8.5800, stages=1, rpm=1190.0, filing='Fig1. To 0.03125'
    columns: ['curve_no', 'flow', 'speed', 'power_in', 'power_bowl_motor', 'power_bowl_dyno', 'power_pump_motor', 'power_pump_dyno', 'tdh_bowl', 'tdh_pump', 'eff_bowl_motor', 'eff_bowl_dyno', 'eff_pump_motor', 'eff_pump_dyno', 'eff_overall', 'npsha']
    rows: 9
    flow: 9 pts
      values: ['7.01', '319.56', '625.72', '771.36', '797.04', '822.33', '933.33', '1027.63', '1158.94']
    head ('tdh_bowl'): 9 pts
      values: ['36.18', '31.48', '28.10', '25.45', '24.88', '24.40', '21.67', '18.88', '14.33']
    power ('power_bowl_dyno'): 9 pts
      values: ['3.4678', '4.6728', '6.1974', '6.7465', '6.8152', '6.8484', '7.0791', '7.1780', '7.1313']
    efficiency ('eff_bowl_dyno'): 9 pts
      values: ['1.85', '54.36', '71.62', '73.46', '73.44', '73.96', '72.11', '68.23', '58.81']
    [FTS] Checking packing/bearing loss...
    [FTS] file: C:\Users\107087\AppData\Local\Temp\px_detail_cw4qrmio\99272068280030A1P.xlsm
    [FTS] friction coefficient: 0.1
    [FTS] Read 18 BA rows from TEST DATA
    [FTS] BA values (first 10): [0.0, 0.0, 0.0, 0.0, 0.0, 0.0, 0.0, 0.0, 0.0, 0.0]
    [FTS] BA is all zeros — computing packing loss
    [FTS] Line shaft diameter: 1.5000"
    [FTS] Using 'tdh_bowl' for discharge pressure
    [FTS] Speed (first 5): ['1190.0', '1190.0', '1190.0', '1190.0', '1190.0']
    [FTS] Pressure (first 5): ['36.18', '31.48', '28.10', '25.45', '24.88']
    [FTS] Packing cross section: 0.5" (shaft >= 1.0")
    [FTS] Contact area: 0.5 × 0.94 × 1.5000 × π = 2.214823 in²
    [FTS] shaft_radius_ft: 0.062500
    [FTS] Loss HP (first 5): ['0.090778', '0.079001', '0.070506', '0.063856', '0.062416']
    [FTS] Loss HP range: 0.035967 — 0.090778
    [FTS] Power correction applied:
      Original power (first 5): ['3.4678', '4.6728', '6.1974', '6.7465', '6.8152']
      Loss HP       (first 5): ['0.090778', '0.079001', '0.070506', '0.063856', '0.062416']
      Corrected     (first 5): ['3.3770', '4.5938', '6.1269', '6.6826', '6.7528']
      Avg loss: 0.0628 HP
      Max loss: 0.0908 HP
    power BEFORE FTS: ['3.4678', '4.6728', '6.1974', '6.7465', '6.8152', '6.8484', '7.0791', '7.1780', '7.1313']
    power AFTER FTS:  ['3.3770', '4.5938', '6.1269', '6.6826', '6.7528', '6.7872', '7.0247', '7.1306', '7.0953']
    [STAGE NORM] single-stage — no division
    [AFFINITY]
      test_diameter:     8.5800
      baseline_diameter: 8.6425
      dia_ratio:         8.6425/8.5800 = 1.007284
      test_rpm:          1190.0
      baseline_rpm:      1775.0
      speed_ratio:       1775.0/1190.0 = 1.491597
      scaled_flow:  ['10.53', '480.12', '940.13', '1158.94', '1197.52', '1235.51', '1402.29', '1543.97', '1741.26']
      scaled_head:  ['81.67', '71.07', '63.43', '57.45', '56.15', '55.08', '48.91', '42.61', '32.36']
      scaled_power: ['11.4537', '15.5805', '20.7801', '22.6652', '22.9032', '23.0199', '23.8254', '24.1845', '24.0647']
      ⚠ Speed change is 49.2% (>10%). Affinity law accuracy may be reduced.
    [FINAL] plotted_flow:  [10.53 → 1741.26]
    [FINAL] plotted_head:  [81.67 → 32.36]
    [FINAL] plotted_power: [11.4537 → 24.0647]
    [FINAL] plotted_eff:   [1.85 → 58.81]

  ── [LOAD+SCALE] 99272126520010A1P ──
    trim=8.6600, stages=4, rpm=1760.0, filing='Fig1. To 0.03125'
    columns: ['curve_no', 'flow', 'speed', 'power_in', 'power_bowl_motor', 'power_bowl_dyno', 'power_pump_motor', 'power_pump_dyno', 'tdh_bowl', 'tdh_pump', 'eff_bowl_motor', 'eff_bowl_dyno', 'eff_pump_motor', 'eff_pump_dyno', 'eff_overall', 'npsha']
    rows: 12
    flow: 12 pts
      values: ['16.63', '581.90', '793.53', '949.48', '954.13', '1007.91', '1043.02', '1211.55', '1507.97', '1607.71', '1698.60', '1803.17']
    head ('tdh_bowl'): 12 pts
      values: ['311.82', '273.24', '264.81', '252.58', '252.33', '247.29', '243.81', '223.37', '177.51', '157.83', '139.40', '115.29']
    power ('power_bowl_dyno'): all zero/negative — trying fallback
    power FALLBACK ('power_bowl_motor'): 12 pts
      values: ['40.4668', '61.7743', '71.4787', '77.0899', '77.1338', '78.6836', '79.6316', '82.8858', '84.3158', '83.0702', '81.8404', '79.5202']
    efficiency ('eff_bowl_motor'): 12 pts
      values: ['3.23', '64.88', '74.11', '78.42', '78.68', '79.85', '80.50', '82.31', '80.03', '77.00', '72.93', '65.90']
    [FTS] Checking packing/bearing loss...
    [FTS] file: C:\Users\107087\AppData\Local\Temp\px_detail_cw4qrmio\99272126520010A1PD.xlsm
    [FTS] friction coefficient: 0.1
    [FTS] Read 21 BA rows from TEST DATA
    [FTS] BA values (first 10): [0.0, 0.0, 0.0, 0.0, 0.0, 0.0, 0.0, 0.0, 0.0, 0.0]
    [FTS] BA is all zeros — computing packing loss
    [FTS] Line shaft diameter: 1.5000"
    [FTS] Using 'tdh_bowl' for discharge pressure
    [FTS] Speed (first 5): ['1760.0', '1760.0', '1760.0', '1760.0', '1760.0']
    [FTS] Pressure (first 5): ['311.82', '273.24', '264.81', '252.58', '252.33']
    [FTS] Packing cross section: 0.5" (shaft >= 1.0")
    [FTS] Contact area: 0.5 × 0.94 × 1.5000 × π = 2.214823 in²
    [FTS] shaft_radius_ft: 0.062500
    [FTS] Loss HP (first 5): ['1.157167', '1.014010', '0.982718', '0.937319', '0.936402']
    [FTS] Loss HP range: 0.427856 — 1.157167
    [FTS] Power correction applied:
      Original power (first 5): ['40.4668', '61.7743', '71.4787', '77.0899', '77.1338']
      Loss HP       (first 5): ['1.157167', '1.014010', '0.982718', '0.937319', '0.936402']
      Corrected     (first 5): ['39.3096', '60.7603', '70.4960', '76.1526', '76.1974']
      Avg loss: 0.8224 HP
      Max loss: 1.1572 HP
    power BEFORE FTS: ['40.4668', '61.7743', '71.4787', '77.0899', '77.1338', '78.6836', '79.6316', '82.8858', '84.3158', '83.0702', '81.8404', '79.5202']
    power AFTER FTS:  ['39.3096', '60.7603', '70.4960', '76.1526', '76.1974', '77.7659', '78.7268', '82.0569', '83.6570', '82.4844', '81.3231', '79.0924']
    [STAGE NORM] 4-stage → dividing head & power by 4
      head BEFORE: ['311.82', '273.24', '264.81', '252.58', '252.33', '247.29', '243.81', '223.37', '177.51', '157.83', '139.40', '115.29']
      head AFTER:  ['77.95', '68.31', '66.20', '63.14', '63.08', '61.82', '60.95', '55.84', '44.38', '39.46', '34.85', '28.82']
      power BEFORE: ['39.3096', '60.7603', '70.4960', '76.1526', '76.1974', '77.7659', '78.7268', '82.0569', '83.6570', '82.4844', '81.3231', '79.0924']
      power AFTER:  ['9.8274', '15.1901', '17.6240', '19.0381', '19.0494', '19.4415', '19.6817', '20.5142', '20.9143', '20.6211', '20.3308', '19.7731']
    [AFFINITY]
      test_diameter:     8.6600
      baseline_diameter: 8.6425
      dia_ratio:         8.6425/8.6600 = 0.997979
      test_rpm:          1760.0
      baseline_rpm:      1775.0
      speed_ratio:       1775.0/1760.0 = 1.008523
      scaled_flow:  ['16.73', '585.67', '798.67', '955.64', '960.31', '1014.44', '1049.79', '1219.40', '1517.74', '1618.14', '1709.62', '1814.87']
      scaled_head:  ['78.97', '69.20', '67.06', '63.97', '63.90', '62.63', '61.75', '56.57', '44.96', '39.97', '35.30', '29.20']
      scaled_power: ['10.0198', '15.4875', '17.9691', '19.4109', '19.4224', '19.8221', '20.0671', '20.9159', '21.3238', '21.0249', '20.7289', '20.1603']
    [FINAL] plotted_flow:  [16.73 → 1814.87]
    [FINAL] plotted_head:  [78.97 → 29.20]
    [FINAL] plotted_power: [10.0198 → 20.1603]
    [FINAL] plotted_eff:   [3.23 → 65.90]

  ── [LOAD+SCALE] 99272127620010A1P ──
    trim=8.7600, stages=9, rpm=1760.0, filing='Fig1. To 0.1875'
    columns: ['curve_no', 'flow', 'speed', 'power_in', 'power_bowl_motor', 'power_bowl_dyno', 'power_pump_motor', 'power_pump_dyno', 'tdh_bowl', 'tdh_pump', 'eff_bowl_motor', 'eff_bowl_dyno', 'eff_pump_motor', 'eff_pump_dyno', 'eff_overall', 'npsha']
    rows: 12
    flow: 12 pts
      values: ['11.55', '440.65', '618.05', '713.02', '747.94', '785.01', '788.25', '899.80', '1130.82', '1204.64', '1273.94', '1378.42']
    head ('tdh_bowl'): 12 pts
      values: ['600.16', '557.77', '536.41', '520.61', '513.81', '506.63', '506.31', '479.55', '388.63', '356.57', '321.97', '265.26']
    power ('power_bowl_dyno'): all zero/negative — trying fallback
    power FALLBACK ('power_bowl_motor'): 12 pts
      values: ['57.0908', '100.6719', '116.1225', '123.0485', '125.4012', '127.1127', '127.2599', '132.4327', '132.5014', '131.1415', '128.7528', '122.8928']
    efficiency ('eff_bowl_motor'): 12 pts
      values: ['3.06', '61.54', '71.97', '76.05', '77.25', '78.87', '79.06', '82.14', '83.61', '82.57', '80.31', '75.00']
    [FTS] Checking packing/bearing loss...
    [FTS] file: C:\Users\107087\AppData\Local\Temp\px_detail_cw4qrmio\99272127620010A1P.xlsm
    [FTS] friction coefficient: 0.1
    [FTS] Read 21 BA rows from TEST DATA
    [FTS] BA values (first 10): [0.0, 0.0, 0.0, 0.0, 0.0, 0.0, 0.0, 0.0, 0.0, 0.0]
    [FTS] BA is all zeros — computing packing loss
    [FTS] Line shaft diameter: 1.5000"
    [FTS] Using 'tdh_bowl' for discharge pressure
    [FTS] Speed (first 5): ['1760.0', '1760.0', '1760.0', '1760.0', '1760.0']
    [FTS] Pressure (first 5): ['600.16', '557.77', '536.41', '520.61', '513.81']
    [FTS] Packing cross section: 0.5" (shaft >= 1.0")
    [FTS] Contact area: 0.5 × 0.94 × 1.5000 × π = 2.214823 in²
    [FTS] shaft_radius_ft: 0.062500
    [FTS] Loss HP (first 5): ['2.227223', '2.069897', '1.990663', '1.931994', '1.906759']
    [FTS] Loss HP range: 0.984406 — 2.227223
    [FTS] Power correction applied:
      Original power (first 5): ['57.0908', '100.6719', '116.1225', '123.0485', '125.4012']
      Loss HP       (first 5): ['2.227223', '2.069897', '1.990663', '1.931994', '1.906759']
      Corrected     (first 5): ['54.8636', '98.6020', '114.1319', '121.1165', '123.4944']
      Avg loss: 1.7175 HP
      Max loss: 2.2272 HP
    power BEFORE FTS: ['57.0908', '100.6719', '116.1225', '123.0485', '125.4012', '127.1127', '127.2599', '132.4327', '132.5014', '131.1415', '128.7528', '122.8928']
    power AFTER FTS:  ['54.8636', '98.6020', '114.1319', '121.1165', '123.4944', '125.2326', '125.3809', '130.6531', '131.0592', '129.8183', '127.5580', '121.9084']
    [STAGE NORM] 9-stage → dividing head & power by 9
      head BEFORE: ['600.16', '557.77', '536.41', '520.61', '513.81', '506.63', '506.31', '479.55', '388.63', '356.57', '321.97', '265.26']
      head AFTER:  ['66.68', '61.97', '59.60', '57.85', '57.09', '56.29', '56.26', '53.28', '43.18', '39.62', '35.77', '29.47']
      power BEFORE: ['54.8636', '98.6020', '114.1319', '121.1165', '123.4944', '125.2326', '125.3809', '130.6531', '131.0592', '129.8183', '127.5580', '121.9084']
      power AFTER:  ['6.0960', '10.9558', '12.6813', '13.4574', '13.7216', '13.9147', '13.9312', '14.5170', '14.5621', '14.4243', '14.1731', '13.5454']
    [AFFINITY]
      test_diameter:     8.7600
      baseline_diameter: 8.6425
      dia_ratio:         8.6425/8.7600 = 0.986587
      test_rpm:          1760.0
      baseline_rpm:      1775.0
      speed_ratio:       1775.0/1760.0 = 1.008523
      scaled_flow:  ['11.49', '438.44', '614.96', '709.45', '744.19', '781.08', '784.31', '895.30', '1125.16', '1198.61', '1267.56', '1371.52']
      scaled_head:  ['66.02', '61.36', '59.01', '57.27', '56.52', '55.73', '55.70', '52.75', '42.75', '39.22', '35.42', '29.18']
      scaled_power: ['6.0049', '10.7921', '12.4919', '13.2563', '13.5166', '13.7069', '13.7231', '14.3001', '14.3446', '14.2088', '13.9614', '13.3430']
    [FINAL] plotted_flow:  [11.49 → 1371.52]
    [FINAL] plotted_head:  [66.02 → 29.18]
    [FINAL] plotted_power: [6.0049 → 13.3430]
    [FINAL] plotted_eff:   [3.06 → 75.00]

  ── [LOAD+SCALE] 99272150800010A1P ──
    trim=8.7400, stages=9, rpm=1760.0, filing='Fig1. To 0.1875'
    columns: ['curve_no', 'flow', 'speed', 'power_in', 'power_bowl_motor', 'power_bowl_dyno', 'power_pump_motor', 'power_pump_dyno', 'tdh_bowl', 'tdh_pump', 'eff_bowl_motor', 'eff_bowl_dyno', 'eff_pump_motor', 'eff_pump_dyno', 'eff_overall', 'npsha']
    rows: 11
    flow: 11 pts
      values: ['0.00', '468.33', '611.49', '717.03', '748.41', '765.25', '891.76', '1128.43', '1167.72', '1198.13', '1291.18']
    head ('tdh_bowl'): 11 pts
      values: ['595.61', '558.84', '542.86', '525.73', '519.45', '516.19', '486.91', '402.43', '385.21', '371.71', '326.08']
    power ('power_bowl_dyno'): all zero/negative — trying fallback
    power FALLBACK ('power_bowl_motor'): 11 pts
      values: ['56.7111', '103.5091', '116.1911', '123.6436', '125.5457', '126.2523', '132.4022', '134.5006', '134.1975', '133.5335', '130.1914']
    efficiency ('eff_bowl_motor'): 11 pts
      values: ['0.00', '63.74', '72.02', '76.86', '78.06', '78.87', '82.67', '85.11', '84.50', '84.08', '81.52']
    [FTS] Checking packing/bearing loss...
    [FTS] file: C:\Users\107087\AppData\Local\Temp\px_detail_cw4qrmio\99272150800010A1P.xlsm
    [FTS] friction coefficient: 0.1
    [FTS] Read 20 BA rows from TEST DATA
    [FTS] BA values (first 10): [0.0, 0.0, 0.0, 0.0, 0.0, 0.0, 0.0, 0.0, 0.0, 0.0]
    [FTS] BA is all zeros — computing packing loss
    [FTS] Line shaft diameter: 1.5000"
    [FTS] Using 'tdh_bowl' for discharge pressure
    [FTS] Speed (first 5): ['1760.0', '1760.0', '1760.0', '1760.0', '1760.0']
    [FTS] Pressure (first 5): ['595.61', '558.84', '542.86', '525.73', '519.45']
    [FTS] Packing cross section: 0.5" (shaft >= 1.0")
    [FTS] Contact area: 0.5 × 0.94 × 1.5000 × π = 2.214823 in²
    [FTS] shaft_radius_ft: 0.062500
    [FTS] Loss HP (first 5): ['2.210345', '2.073881', '2.014575', '1.951006', '1.927722']
    [FTS] Loss HP range: 1.210108 — 2.210345
    [FTS] Power correction applied:
      Original power (first 5): ['56.7111', '103.5091', '116.1911', '123.6436', '125.5457']
      Loss HP       (first 5): ['2.210345', '2.073881', '2.014575', '1.951006', '1.927722']
      Corrected     (first 5): ['54.5008', '101.4352', '114.1765', '121.6926', '123.6180']
      Avg loss: 1.7648 HP
      Max loss: 2.2103 HP
    power BEFORE FTS: ['56.7111', '103.5091', '116.1911', '123.6436', '125.5457', '126.2523', '132.4022', '134.5006', '134.1975', '133.5335', '130.1914']
    power AFTER FTS:  ['54.5008', '101.4352', '114.1765', '121.6926', '123.6180', '124.3367', '130.5952', '133.0071', '132.7680', '132.1540', '128.9812']
    [STAGE NORM] 9-stage → dividing head & power by 9
      head BEFORE: ['595.61', '558.84', '542.86', '525.73', '519.45', '516.19', '486.91', '402.43', '385.21', '371.71', '326.08']
      head AFTER:  ['66.18', '62.09', '60.32', '58.41', '57.72', '57.35', '54.10', '44.71', '42.80', '41.30', '36.23']
      power BEFORE: ['54.5008', '101.4352', '114.1765', '121.6926', '123.6180', '124.3367', '130.5952', '133.0071', '132.7680', '132.1540', '128.9812']
      power AFTER:  ['6.0556', '11.2706', '12.6863', '13.5214', '13.7353', '13.8152', '14.5106', '14.7786', '14.7520', '14.6838', '14.3312']
    [AFFINITY]
      test_diameter:     8.7400
      baseline_diameter: 8.6425
      dia_ratio:         8.6425/8.7400 = 0.988844
      test_rpm:          1760.0
      baseline_rpm:      1775.0
      speed_ratio:       1775.0/1760.0 = 1.008523
      scaled_flow:  ['0.00', '467.05', '609.82', '715.08', '746.37', '763.16', '889.33', '1125.35', '1164.54', '1194.87', '1287.66']
      scaled_head:  ['65.82', '61.75', '59.99', '58.10', '57.40', '57.04', '53.81', '44.47', '42.57', '41.08', '36.03']
      scaled_power: ['6.0062', '11.1786', '12.5827', '13.4110', '13.6232', '13.7024', '14.3922', '14.6580', '14.6316', '14.5639', '14.2143']
    [FINAL] plotted_flow:  [0.00 → 1287.66]
    [FINAL] plotted_head:  [65.82 → 36.03]
    [FINAL] plotted_power: [6.0062 → 14.2143]
    [FINAL] plotted_eff:   [0.00 → 81.52]

  ── Group: PX baseline=8.3250, 0 tests, affinity=False ──

  ── Group: PX baseline=8.0075, 0 tests, affinity=False ──

  ── Group: PX baseline=7.6900, 0 tests, affinity=False ──

======================================================================
  SUMMARY
======================================================================
  Total tests found:     8
  Tests with data:       8
  Groups:                5
  Detail: 0 cached, 8 from Excel
