Comparison debug log — 2026-09-28T14:02:35.294745
======================================================================

Selected impeller part numbers: ['2624331', '2624332', '4605507']
======================================================================
  COMPARISON RUN
======================================================================
  px_file:       C:\Users\107087\OneDrive - Grundfos\Desktop\PSD Files\12MBPSD.xlsx
  date_start:    2026-09-01
  date_end:      2026-09-28
  tolerance:     3%
  test_iteration:3
  head_col:      tdh_bowl
  power_col:     power_bowl_dyno

======================================================================
  PX CURVES
======================================================================
  Curve number: 12MBHC-2624331
  Rated speed:  1775.0
  Trim count:   5
    Trim dia=8.96  attrs=['bep_efficiency', 'bep_flow', 'diameter', 'head', 'head_flow', 'npsh', 'npsh_flow', 'power', 'power_flow', 'shutoff_power']
    Trim dia=8.6425  attrs=['bep_efficiency', 'bep_flow', 'diameter', 'head', 'head_flow', 'npsh', 'npsh_flow', 'power', 'power_flow', 'shutoff_power']
    Trim dia=8.325  attrs=['bep_efficiency', 'bep_flow', 'diameter', 'head', 'head_flow', 'npsh', 'npsh_flow', 'power', 'power_flow', 'shutoff_power']
    Trim dia=8.0075  attrs=['bep_efficiency', 'bep_flow', 'diameter', 'head', 'head_flow', 'npsh', 'npsh_flow', 'power', 'power_flow', 'shutoff_power']
    Trim dia=7.69  attrs=['bep_efficiency', 'bep_flow', 'diameter', 'head', 'head_flow', 'npsh', 'npsh_flow', 'power', 'power_flow', 'shutoff_power']

======================================================================
  CLASSIFICATION
======================================================================
  pump_type:       vertical
  index_name:      new_test_list
  trim_column:     impeller_trim
  bowl_diameter:   12
  detail_path:     12MB
  base_model_name: MB
  impeller_part:   2624331

======================================================================
  INDEX SEARCH
======================================================================
Mixed impellers filter applied using 'mixed_impellers': 6 rows -> 6 rows. Removed=0
Applied vertical impeller part filter: 6 rows -> 6 rows. Selected=['2624331', '2624332', '4605507']
  Index file path: X:\US\Ind\Prod\Verttest\NEWTESTLISTv.2.xlsx
  File exists: True
  Index 'new_test_list': 13607 rows loaded
  Columns: ['test_date', 'test_id', 'job_number', 'order_type', 'test_run', 'test_type', 'pass_fail', 'bowl_size', 'pump_model', 'fire_pump', 'num_stages', 'configuration', 'mixed_bowl', 'first_stg_size', 'first_stg_model', 'bowl_material', 'imp_part_num', 'imp_material', 'impeller_trim', 'mixed_impellers', 'first_stg_imp', 'first_stg_mat', 'first_stg_trim', 'rated_flow', 'rated_head', 'guaranteed_eff', 'test_grade', 'rpm', 'driver', 'driver_speed', 'customer', 'trim_source', 'trim_source_2', 'failure_cause', 'comments', 'valid_test', 'px_trim', 'px_pass_fail', 'px_eff', 'test_eff', 'test_head', 'test_bep_flow', 'test_bep_head', 'test_bep_eff', 'pattern_notes', 'Column1', '_source_index']
  Model search regex: ^\s*[A-Za-z]?MB[A-Za-z]?\s*$
  Unique pump_model values: 40
  Sample models: [' MA', 'GLLG', 'GLME', 'HD', 'HDX', 'HH', 'HHA', 'HHOH']
  After model filter: 1987 rows (from 13607)
  After bowl size filter (bowl_size=12): 1987 rows (from 1987)
  Sample test_date values: ['2024-07-31', '2024-07-31', '2024-07-29', '2024-07-29', '2024-07-26']
  After date filter [2026-09-01 to 2026-09-28]: 6 rows (from 1987)
  After test iteration filter: 6 rows (from 6)
  After mixed impellers filter: 6 rows (from 6)
  After vertical impeller part filter: 6 rows (from 6)

  Trim column: 'impeller_trim'  found=True  is_vertical=True
  Raw trim samples:
    [0] type=str  value='(4) @ 8.88 x 8.88 Fig1. To 0.03125 AS CAST
  '
    [1] type=str  value='(6) @ 8.68 x 8.68 Fig1. To 0.03125 AS CAST
  '
    [2] type=str  value='(8) @ 8.74 x 8.74 Fig1. To 0.1875 AS CAST
  '
    [3] type=str  value='(4) @ 8.57 x 8.57 Fig1. To 0.1875 AS CAST
  '
    [4] type=str  value='(4) @ 8.57 x 8.57 Fig1. To 0.1875 AS CAST
  '

----------------------------------------------------------------------
  PER-ROW TRIM PARSING
----------------------------------------------------------------------

  test_id=99272303700010A1P
    raw trim: type=str  value='(4) @ 8.88 x 8.88 Fig1. To 0.03125 AS CAST
  '
      [extract_trim] is_vertical=True  has_@=True
      [extract_trim] → _parse_vertical_trim
      [parse_vt] input='(4) @ 8.88 x 8.88 Fig1. To 0.03125 AS CAST'
      [parse_vt] regex matched 1 group(s)
        (4) @ 8.88 x 8.88  avg=8.8800  contrib=4×8.8800=35.5200
      [parse_vt] RESULT: 35.5200 / 4 = 8.8800
      [parse_vt] upper=8.8800  lower=8.8800
      [parse_vt] filing_info='Fig1. To 0.03125'
    → trim_diameter=8.88, num_stages=4, filing='Fig1. To 0.03125'
    → upper=8.8800, lower=8.8800, conical=no
    ✓ trim=8.8800, stages=4, rpm=1760.0, model='MB', filing='Fig1. To 0.03125'

  test_id=99272324520010A1P
    raw trim: type=str  value='(6) @ 8.68 x 8.68 Fig1. To 0.03125 AS CAST
  '
      [extract_trim] is_vertical=True  has_@=True
      [extract_trim] → _parse_vertical_trim
      [parse_vt] input='(6) @ 8.68 x 8.68 Fig1. To 0.03125 AS CAST'
      [parse_vt] regex matched 1 group(s)
        (6) @ 8.68 x 8.68  avg=8.6800  contrib=6×8.6800=52.0800
      [parse_vt] RESULT: 52.0800 / 6 = 8.6800
      [parse_vt] upper=8.6800  lower=8.6800
      [parse_vt] filing_info='Fig1. To 0.03125'
    → trim_diameter=8.68, num_stages=6, filing='Fig1. To 0.03125'
    → upper=8.6800, lower=8.6800, conical=no
    ✓ trim=8.6800, stages=6, rpm=1760.0, model='MB', filing='Fig1. To 0.03125'

  test_id=99272334250010A1P
    raw trim: type=str  value='(8) @ 8.74 x 8.74 Fig1. To 0.1875 AS CAST
  '
      [extract_trim] is_vertical=True  has_@=True
      [extract_trim] → _parse_vertical_trim
      [parse_vt] input='(8) @ 8.74 x 8.74 Fig1. To 0.1875 AS CAST'
      [parse_vt] regex matched 1 group(s)
        (8) @ 8.74 x 8.74  avg=8.7400  contrib=8×8.7400=69.9200
      [parse_vt] RESULT: 69.9200 / 8 = 8.7400
      [parse_vt] upper=8.7400  lower=8.7400
      [parse_vt] filing_info='Fig1. To 0.1875'
    → trim_diameter=8.74, num_stages=8, filing='Fig1. To 0.1875'
    → upper=8.7400, lower=8.7400, conical=no
    ✓ trim=8.7400, stages=8, rpm=1760.0, model='MB', filing='Fig1. To 0.1875'

  test_id=99272284070010A1P
    raw trim: type=str  value='(4) @ 8.57 x 8.57 Fig1. To 0.1875 AS CAST
  '
      [extract_trim] is_vertical=True  has_@=True
      [extract_trim] → _parse_vertical_trim
      [parse_vt] input='(4) @ 8.57 x 8.57 Fig1. To 0.1875 AS CAST'
      [parse_vt] regex matched 1 group(s)
        (4) @ 8.57 x 8.57  avg=8.5700  contrib=4×8.5700=34.2800
      [parse_vt] RESULT: 34.2800 / 4 = 8.5700
      [parse_vt] upper=8.5700  lower=8.5700
      [parse_vt] filing_info='Fig1. To 0.1875'
    → trim_diameter=8.57, num_stages=4, filing='Fig1. To 0.1875'
    → upper=8.5700, lower=8.5700, conical=no
    ✓ trim=8.5700, stages=4, rpm=1785.0, model='MMB', filing='Fig1. To 0.1875'

  test_id=99272284070010B1P
    raw trim: type=str  value='(4) @ 8.57 x 8.57 Fig1. To 0.1875 AS CAST
  '
      [extract_trim] is_vertical=True  has_@=True
      [extract_trim] → _parse_vertical_trim
      [parse_vt] input='(4) @ 8.57 x 8.57 Fig1. To 0.1875 AS CAST'
      [parse_vt] regex matched 1 group(s)
        (4) @ 8.57 x 8.57  avg=8.5700  contrib=4×8.5700=34.2800
      [parse_vt] RESULT: 34.2800 / 4 = 8.5700
      [parse_vt] upper=8.5700  lower=8.5700
      [parse_vt] filing_info='Fig1. To 0.1875'
    → trim_diameter=8.57, num_stages=4, filing='Fig1. To 0.1875'
    → upper=8.5700, lower=8.5700, conical=no
    ✓ trim=8.5700, stages=4, rpm=1785.0, model='MMB', filing='Fig1. To 0.1875'

  test_id=99272284070010C1P
    raw trim: type=str  value='(4) @ 8.57 x 8.57 Fig1. To 0.1875 AS CAST
  '
      [extract_trim] is_vertical=True  has_@=True
      [extract_trim] → _parse_vertical_trim
      [parse_vt] input='(4) @ 8.57 x 8.57 Fig1. To 0.1875 AS CAST'
      [parse_vt] regex matched 1 group(s)
        (4) @ 8.57 x 8.57  avg=8.5700  contrib=4×8.5700=34.2800
      [parse_vt] RESULT: 34.2800 / 4 = 8.5700
      [parse_vt] upper=8.5700  lower=8.5700
      [parse_vt] filing_info='Fig1. To 0.1875'
    → trim_diameter=8.57, num_stages=4, filing='Fig1. To 0.1875'
    → upper=8.5700, lower=8.5700, conical=no
    ✓ trim=8.5700, stages=4, rpm=1785.0, model='MMB', filing='Fig1. To 0.1875'

  Total matches: 6, skipped (no trim): 0
  Unique trims: ['8.5700', '8.6800', '8.7400', '8.8800']
  Unique stages: [4, 6, 8]

======================================================================
  TRIM GROUPING
======================================================================
  PX baseline diameters: [8.96, 8.6425, 8.325, 8.0075, 7.69]
  PX baseline speed:     1775.0
  Tolerance:             3%
  Input tests:           6

  Speed filter: 6 kept, 0 excluded

  [TRIM] 99272303700010A1P: test_trim=8.8800 → nearest_px=8.9600  diff=0.89%  ASSIGNED
  [TRIM] 99272324520010A1P: test_trim=8.6800 → nearest_px=8.6425  diff=0.43%  ASSIGNED
  [TRIM] 99272334250010A1P: test_trim=8.7400 → nearest_px=8.6425  diff=1.13%  ASSIGNED
  [TRIM] 99272284070010A1P: test_trim=8.5700 → nearest_px=8.6425  diff=0.84%  ASSIGNED
  [TRIM] 99272284070010B1P: test_trim=8.5700 → nearest_px=8.6425  diff=0.84%  ASSIGNED
  [TRIM] 99272284070010C1P: test_trim=8.5700 → nearest_px=8.6425  diff=0.84%  ASSIGNED

  ── [GROUP] PX baseline=8.9600 ──
    tests:        1
    trims:        ['8.8800']
    avg_trim:     8.8800
    dia_ratio:    8.9600 / 8.8800 = 1.009009
    avg_rpm:      1760.0
    speed_ratio:  1775.0 / 1760.0 = 1.008523
  ── [GROUP] PX baseline=8.6425 ──
    tests:        5
    trims:        ['8.6800', '8.7400', '8.5700', '8.5700', '8.5700']
    avg_trim:     8.6260
    dia_ratio:    8.6425 / 8.6260 = 1.001913
    avg_rpm:      1775.0
    speed_ratio:  1775.0 / 1775.0 = 1.000000
   [GROUP EMPTY] PX=8.3250: no tests
   [GROUP EMPTY] PX=8.0075: no tests
   [GROUP EMPTY] PX=7.6900: no tests
  [PATH] 99272303700010A1P → None  exists=False
  [PATH] 99272324520010A1P → None  exists=False
  [PATH] 99272334250010A1P → None  exists=False
  [PATH] 99272284070010A1P → None  exists=False
  [PATH] 99272284070010B1P → None  exists=False
  [PATH] 99272284070010C1P → None  exists=False
  0 cached, 0 found, 0 to copy

======================================================================
  DETAIL DATA + SCALING
======================================================================

  ── Group: PX baseline=8.9600, 1 tests, affinity=True ──

  ── [LOAD+SCALE] 99272303700010A1P ──
    trim=8.8800, stages=4, rpm=1760.0, filing='Fig1. To 0.03125'
    ✗ no detail data

  ── Group: PX baseline=8.6425, 5 tests, affinity=True ──

  ── [LOAD+SCALE] 99272324520010A1P ──
    trim=8.6800, stages=6, rpm=1760.0, filing='Fig1. To 0.03125'
    ✗ no detail data

  ── [LOAD+SCALE] 99272334250010A1P ──
    trim=8.7400, stages=8, rpm=1760.0, filing='Fig1. To 0.1875'
    ✗ no detail data

  ── [LOAD+SCALE] 99272284070010A1P ──
    trim=8.5700, stages=4, rpm=1785.0, filing='Fig1. To 0.1875'
    ✗ no detail data

  ── [LOAD+SCALE] 99272284070010B1P ──
    trim=8.5700, stages=4, rpm=1785.0, filing='Fig1. To 0.1875'
    ✗ no detail data

  ── [LOAD+SCALE] 99272284070010C1P ──
    trim=8.5700, stages=4, rpm=1785.0, filing='Fig1. To 0.1875'
    ✗ no detail data

  ── Group: PX baseline=8.3250, 0 tests, affinity=False ──

  ── Group: PX baseline=8.0075, 0 tests, affinity=False ──

  ── Group: PX baseline=7.6900, 0 tests, affinity=False ──

======================================================================
  SUMMARY
======================================================================
  Total tests found:     6
  Tests with data:       0
  Groups:                5
  Detail: 0 cached, 0 from Excel
