Comparison debug log — 2026-09-05T12:17:26.875903
======================================================================

Selected impeller part numbers: ['2624331', '2624332', '4605505', '4787336']
======================================================================
  COMPARISON RUN
======================================================================
  px_file:       C:\Users\107087\OneDrive - Grundfos\Desktop\12MBPSD.xlsx
  date_start:    2025-01-01
  date_end:      2025-01-31
  tolerance:     3%
  test_iteration:3
  head_col:      tdh_bowl
  power_col:     power_bowl_dyno

======================================================================
  PX CURVES
======================================================================
  Curve number: 12MBHC-2624331
  Rated speed:  1775.0
  Trim count:   5
    Trim dia=8.96  attrs=['bep_efficiency', 'bep_flow', 'diameter', 'head', 'head_flow', 'npsh', 'npsh_flow', 'power', 'power_flow', 'shutoff_power']
    Trim dia=8.6425  attrs=['bep_efficiency', 'bep_flow', 'diameter', 'head', 'head_flow', 'npsh', 'npsh_flow', 'power', 'power_flow', 'shutoff_power']
    Trim dia=8.325  attrs=['bep_efficiency', 'bep_flow', 'diameter', 'head', 'head_flow', 'npsh', 'npsh_flow', 'power', 'power_flow', 'shutoff_power']
    Trim dia=8.0075  attrs=['bep_efficiency', 'bep_flow', 'diameter', 'head', 'head_flow', 'npsh', 'npsh_flow', 'power', 'power_flow', 'shutoff_power']
    Trim dia=7.69  attrs=['bep_efficiency', 'bep_flow', 'diameter', 'head', 'head_flow', 'npsh', 'npsh_flow', 'power', 'power_flow', 'shutoff_power']

======================================================================
  CLASSIFICATION
======================================================================
  pump_type:       vertical
  index_name:      new_test_list
  trim_column:     impeller_trim
  bowl_diameter:   12
  detail_path:     12MB
  base_model_name: MB
  impeller_part:   2624331

======================================================================
  INDEX SEARCH
======================================================================
Mixed impellers filter applied using 'mixed_impellers': 8 rows -> 8 rows. Removed=0
Applied vertical impeller part filter: 8 rows -> 8 rows. Selected=['2624331', '2624332', '4605505', '4787336']
  Index file path: X:\US\Ind\Prod\Verttest\NEWTESTLISTv.2.xlsx
  File exists: True
  Index 'new_test_list': 13570 rows loaded
  Columns: ['test_date', 'test_id', 'job_number', 'order_type', 'test_run', 'test_type', 'pass_fail', 'bowl_size', 'pump_model', 'fire_pump', 'num_stages', 'configuration', 'mixed_bowl', 'first_stg_size', 'first_stg_model', 'bowl_material', 'imp_part_num', 'imp_material', 'impeller_trim', 'mixed_impellers', 'first_stg_imp', 'first_stg_mat', 'first_stg_trim', 'rated_flow', 'rated_head', 'guaranteed_eff', 'test_grade', 'rpm', 'driver', 'driver_speed', 'customer', 'trim_source', 'trim_source_2', 'failure_cause', 'comments', 'valid_test', 'px_trim', 'px_pass_fail', 'px_eff', 'test_eff', 'test_head', 'test_bep_flow', 'test_bep_head', 'test_bep_eff', 'pattern_notes', 'Column1', '_source_index']
  Model search regex: ^\s*[A-Za-z]?MB[A-Za-z]?\s*$
  Unique pump_model values: 54
  Sample models: [' MA', 'GLLG', 'GLME', 'GLME/LC', 'GLME/MC', 'HD', 'HDX', 'HH']
  After model filter: 1980 rows (from 13570)
  After bowl size filter (bowl_size=12): 1980 rows (from 1980)
  Sample test_date values: ['2024-07-31', '2024-07-31', '2024-07-29', '2024-07-29', '2024-07-26']
  After date filter [2025-01-01 to 2025-01-31]: 8 rows (from 1980)
  After test iteration filter: 8 rows (from 8)
  After mixed impellers filter: 8 rows (from 8)
  After vertical impeller part filter: 8 rows (from 8)

  Trim column: 'impeller_trim'  found=True  is_vertical=True
  Raw trim samples:
    [0] type=str  value='(4) @ 8.62 x 8.62 Fig1. To 0.03125 AS CAST
  '
    [1] type=str  value='(4) @ 8.61 x 8.61 Fig1. To 0.03125 75RA
  '
    [2] type=str  value='(4) @ 8.88 x 8.88 Fig1. To 0.03125 AS CAST
(2) @ 8.58 x 8.58 Fig1. To 0.03125 AS CAST
 '
    [3] type=str  value='(1) @ 8.58 x 8.58 Fig1. To 0.03125 Deburr
  '
    [4] type=str  value='(6) @ 8.88 x 8.88 Fig1. To 0.03125 AS CAST
  '

----------------------------------------------------------------------
  PER-ROW TRIM PARSING
----------------------------------------------------------------------

  test_id=99272133080010A1P
    raw trim: type=str  value='(4) @ 8.62 x 8.62 Fig1. To 0.03125 AS CAST
  '
      [extract_trim] is_vertical=True  has_@=True
      [extract_trim] → _parse_vertical_trim
      [parse_vt] input='(4) @ 8.62 x 8.62 Fig1. To 0.03125 AS CAST'
      [parse_vt] regex matched 1 group(s)
        (4) @ 8.62 x 8.62  avg=8.6200  contrib=4×8.6200=34.4800
      [parse_vt] RESULT: 34.4800 / 4 = 8.6200
      [parse_vt] upper=8.6200  lower=8.6200
      [parse_vt] filing_info='Fig1. To 0.03125'
    → trim_diameter=8.62, num_stages=4, filing='Fig1. To 0.03125'
    → upper=8.6200, lower=8.6200, conical=no
    ✓ trim=8.6200, stages=4, rpm=1760.0, model='MB', filing='Fig1. To 0.03125'

  test_id=99272135710010A1P
    raw trim: type=str  value='(4) @ 8.61 x 8.61 Fig1. To 0.03125 75RA
  '
      [extract_trim] POLISHED detected in '(4) @ 8.61 x 8.61 Fig1. To 0.03125 75RA'
      [extract_trim] is_vertical=True  has_@=True
      [extract_trim] → _parse_vertical_trim
      [parse_vt] input='(4) @ 8.61 x 8.61 Fig1. To 0.03125 75RA'
      [parse_vt] regex matched 1 group(s)
        (4) @ 8.61 x 8.61  avg=8.6100  contrib=4×8.6100=34.4400
      [parse_vt] RESULT: 34.4400 / 4 = 8.6100
      [parse_vt] upper=8.6100  lower=8.6100
      [parse_vt] filing_info='Fig1. To 0.03125'
    → trim_diameter=8.61, num_stages=4, filing='Fig1. To 0.03125'
    → upper=8.6100, lower=8.6100, conical=no
    → POLISHED impeller detected
    ✓ trim=8.6100, stages=4, rpm=1785.0, model='MMB', filing='Fig1. To 0.03125'

  test_id=99272120720010A2P
    raw trim: type=str  value='(4) @ 8.88 x 8.88 Fig1. To 0.03125 AS CAST
(2) @ 8.58 x 8.58 Fig1. To 0.03125 AS CAST
 '
      [extract_trim] is_vertical=True  has_@=True
      [extract_trim] → _parse_vertical_trim
      [parse_vt] input='(4) @ 8.88 x 8.88 Fig1. To 0.03125 AS CAST
(2) @ 8.58 x 8.58 Fig1. To 0.03125 AS CAST'
      [parse_vt] regex matched 2 group(s)
        (4) @ 8.88 x 8.88  avg=8.8800  contrib=4×8.8800=35.5200
        (2) @ 8.58 x 8.58  avg=8.5800  contrib=2×8.5800=17.1600
      [parse_vt] RESULT: 52.6800 / 6 = 8.7800
      [parse_vt] upper=8.7800  lower=8.7800
      [parse_vt] filing_info='Fig1. To 0.03125'
    → trim_diameter=8.780000000000001, num_stages=6, filing='Fig1. To 0.03125'
    → upper=8.7800, lower=8.7800, conical=no
    MT badge detected from impeller_trim: (4) @ 8.88 x 8.88 Fig1. To 0.03125 AS CAST
(2) @ 8.58 x 8.58 Fig1. To 0.03125 AS CAST
 
    ✓ trim=8.7800, stages=6, rpm=1760.0, model='MB', filing='Fig1. To 0.03125'

  test_id=99272068280030A1P
    raw trim: type=str  value='(1) @ 8.58 x 8.58 Fig1. To 0.03125 Deburr
  '
      [extract_trim] is_vertical=True  has_@=True
      [extract_trim] → _parse_vertical_trim
      [parse_vt] input='(1) @ 8.58 x 8.58 Fig1. To 0.03125 Deburr'
      [parse_vt] regex matched 1 group(s)
        (1) @ 8.58 x 8.58  avg=8.5800  contrib=1×8.5800=8.5800
      [parse_vt] RESULT: 8.5800 / 1 = 8.5800
      [parse_vt] upper=8.5800  lower=8.5800
      [parse_vt] filing_info='Fig1. To 0.03125'
    → trim_diameter=8.58, num_stages=1, filing='Fig1. To 0.03125'
    → upper=8.5800, lower=8.5800, conical=no
    stages fallback: 1 → 1 (from 'num_stages' column)
    ✓ trim=8.5800, stages=1, rpm=1190.0, model='MB', filing='Fig1. To 0.03125'

  test_id=99272120730010A1P
    raw trim: type=str  value='(6) @ 8.88 x 8.88 Fig1. To 0.03125 AS CAST
  '
      [extract_trim] is_vertical=True  has_@=True
      [extract_trim] → _parse_vertical_trim
      [parse_vt] input='(6) @ 8.88 x 8.88 Fig1. To 0.03125 AS CAST'
      [parse_vt] regex matched 1 group(s)
        (6) @ 8.88 x 8.88  avg=8.8800  contrib=6×8.8800=53.2800
      [parse_vt] RESULT: 53.2800 / 6 = 8.8800
      [parse_vt] upper=8.8800  lower=8.8800
      [parse_vt] filing_info='Fig1. To 0.03125'
    → trim_diameter=8.88, num_stages=6, filing='Fig1. To 0.03125'
    → upper=8.8800, lower=8.8800, conical=no
    ✓ trim=8.8800, stages=6, rpm=1760.0, model='MB', filing='Fig1. To 0.03125'

  test_id=99272126520010A1P
    raw trim: type=str  value='(4) @ 8.66 x 8.66 Fig1. To 0.03125 AS CAST
  '
      [extract_trim] is_vertical=True  has_@=True
      [extract_trim] → _parse_vertical_trim
      [parse_vt] input='(4) @ 8.66 x 8.66 Fig1. To 0.03125 AS CAST'
      [parse_vt] regex matched 1 group(s)
        (4) @ 8.66 x 8.66  avg=8.6600  contrib=4×8.6600=34.6400
      [parse_vt] RESULT: 34.6400 / 4 = 8.6600
      [parse_vt] upper=8.6600  lower=8.6600
      [parse_vt] filing_info='Fig1. To 0.03125'
    → trim_diameter=8.66, num_stages=4, filing='Fig1. To 0.03125'
    → upper=8.6600, lower=8.6600, conical=no
    ✓ trim=8.6600, stages=4, rpm=1760.0, model='MB', filing='Fig1. To 0.03125'

  test_id=99272127620010A1P
    raw trim: type=str  value='(9) @ 8.76 x 8.76 Fig1. To 0.1875 AS CAST
  '
      [extract_trim] is_vertical=True  has_@=True
      [extract_trim] → _parse_vertical_trim
      [parse_vt] input='(9) @ 8.76 x 8.76 Fig1. To 0.1875 AS CAST'
      [parse_vt] regex matched 1 group(s)
        (9) @ 8.76 x 8.76  avg=8.7600  contrib=9×8.7600=78.8400
      [parse_vt] RESULT: 78.8400 / 9 = 8.7600
      [parse_vt] upper=8.7600  lower=8.7600
      [parse_vt] filing_info='Fig1. To 0.1875'
    → trim_diameter=8.76, num_stages=9, filing='Fig1. To 0.1875'
    → upper=8.7600, lower=8.7600, conical=no
    ✓ trim=8.7600, stages=9, rpm=1760.0, model='MB', filing='Fig1. To 0.1875'

  test_id=99272150800010A1P
    raw trim: type=str  value='(9) @ 8.74 x 8.74 Fig1. To 0.1875 AS CAST
  '
      [extract_trim] is_vertical=True  has_@=True
      [extract_trim] → _parse_vertical_trim
      [parse_vt] input='(9) @ 8.74 x 8.74 Fig1. To 0.1875 AS CAST'
      [parse_vt] regex matched 1 group(s)
        (9) @ 8.74 x 8.74  avg=8.7400  contrib=9×8.7400=78.6600
      [parse_vt] RESULT: 78.6600 / 9 = 8.7400
      [parse_vt] upper=8.7400  lower=8.7400
      [parse_vt] filing_info='Fig1. To 0.1875'
    → trim_diameter=8.74, num_stages=9, filing='Fig1. To 0.1875'
    → upper=8.7400, lower=8.7400, conical=no
    ✓ trim=8.7400, stages=9, rpm=1760.0, model='MB', filing='Fig1. To 0.1875'

  Total matches: 8, skipped (no trim): 0
  Unique trims: ['8.5800', '8.6100', '8.6200', '8.6600', '8.7400', '8.7600', '8.7800', '8.8800']
  Unique stages: [1, 4, 6, 9]

======================================================================
  TRIM GROUPING
======================================================================
  PX baseline diameters: [8.96, 8.6425, 8.325, 8.0075, 7.69]
  PX baseline speed:     1775.0
  Tolerance:             3%
  Input tests:           8

  Speed filter: 8 kept, 0 excluded

  [TRIM] 99272133080010A1P: test_trim=8.6200 → nearest_px=8.6425  diff=0.26%  ASSIGNED
  [TRIM] 99272135710010A1P: test_trim=8.6100 → nearest_px=8.6425  diff=0.38%  ASSIGNED
  [TRIM] 99272120720010A2P: test_trim=8.7800 → nearest_px=8.6425  diff=1.59%  ASSIGNED
  [TRIM] 99272068280030A1P: test_trim=8.5800 → nearest_px=8.6425  diff=0.72%  ASSIGNED
  [TRIM] 99272120730010A1P: test_trim=8.8800 → nearest_px=8.9600  diff=0.89%  ASSIGNED
  [TRIM] 99272126520010A1P: test_trim=8.6600 → nearest_px=8.6425  diff=0.20%  ASSIGNED
  [TRIM] 99272127620010A1P: test_trim=8.7600 → nearest_px=8.6425  diff=1.36%  ASSIGNED
  [TRIM] 99272150800010A1P: test_trim=8.7400 → nearest_px=8.6425  diff=1.13%  ASSIGNED

  ── [GROUP] PX baseline=8.9600 ──
    tests:        1
    trims:        ['8.8800']
    avg_trim:     8.8800
    dia_ratio:    8.9600 / 8.8800 = 1.009009
    avg_rpm:      1760.0
    speed_ratio:  1775.0 / 1760.0 = 1.008523
  ── [GROUP] PX baseline=8.6425 ──
    tests:        7
    trims:        ['8.6200', '8.6100', '8.7800', '8.5800', '8.6600', '8.7600', '8.7400']
    avg_trim:     8.6786
    dia_ratio:    8.6425 / 8.6786 = 0.995844
    avg_rpm:      1682.1
    speed_ratio:  1775.0 / 1682.1 = 1.055202
   [GROUP EMPTY] PX=8.3250: no tests
   [GROUP EMPTY] PX=8.0075: no tests
   [GROUP EMPTY] PX=7.6900: no tests
  [PATH] 99272120730010A1P → CACHED (skip resolve)
  [PATH] 99272133080010A1P → CACHED (skip resolve)
  [PATH] 99272135710010A1P → CACHED (skip resolve)
  [PATH] 99272120720010A2P → CACHED (skip resolve)
  [PATH] 99272068280030A1P → CACHED (skip resolve)
  [PATH] 99272126520010A1P → CACHED (skip resolve)
  [PATH] 99272127620010A1P → CACHED (skip resolve)
  [PATH] 99272150800010A1P → CACHED (skip resolve)
  8 cached, 0 found, 0 to copy

======================================================================
  DETAIL DATA + SCALING
======================================================================

  ── Group: PX baseline=8.9600, 1 tests, affinity=True ──

  ── [LOAD+SCALE] 99272120730010A1P ──
    trim=8.8800, stages=6, rpm=1760.0, filing='Fig1. To 0.03125'
    columns: ['curve_no', 'flow', 'speed', 'power_in', 'power_bowl_motor', 'power_bowl_dyno', 'power_pump_motor', 'power_pump_dyno', 'tdh_bowl', 'tdh_pump', 'eff_bowl_motor', 'eff_bowl_dyno', 'eff_pump_motor', 'eff_pump_dyno', 'eff_overall', 'npsha']
    rows: 12
    flow: 12 pts
      values: ['12.29', '286.55', '445.74', '601.81', '731.15', '751.08', '770.20', '907.63', '1124.88', '1125.32', '1221.23', '1294.28']
    head ('tdh_bowl'): 12 pts
      values: ['435.82', '414.22', '406.09', '396.44', '385.27', '382.47', '380.25', '360.10', '307.78', '307.75', '279.14', '255.58']
    power ('power_bowl_dyno'): all zero/negative — trying fallback
    power FALLBACK ('power_bowl_motor'): 12 pts
      values: ['43.7509', '62.4554', '74.8573', '85.3539', '92.9698', '94.0450', '95.1054', '100.7825', '103.8270', '103.7754', '102.7236', '101.6367']
    efficiency ('eff_bowl_motor'): 12 pts
      values: ['3.09', '47.91', '60.96', '70.46', '76.38', '77.00', '77.63', '81.75', '84.06', '84.13', '83.66', '82.05']
    [STAGE NORM] 6-stage → dividing head & power by 6
      head BEFORE: ['435.82', '414.22', '406.09', '396.44', '385.27', '382.47', '380.25', '360.10', '307.78', '307.75', '279.14', '255.58']
      head AFTER:  ['72.64', '69.04', '67.68', '66.07', '64.21', '63.74', '63.38', '60.02', '51.30', '51.29', '46.52', '42.60']
      power BEFORE: ['43.7509', '62.4554', '74.8573', '85.3539', '92.9698', '94.0450', '95.1054', '100.7825', '103.8270', '103.7754', '102.7236', '101.6367']
      power AFTER:  ['7.2918', '10.4092', '12.4762', '14.2256', '15.4950', '15.6742', '15.8509', '16.7971', '17.3045', '17.2959', '17.1206', '16.9394']
    [AFFINITY]
      test_diameter:     8.8800
      baseline_diameter: 8.9600
      dia_ratio:         8.9600/8.8800 = 1.009009
      test_rpm:          1760.0
      baseline_rpm:      1775.0
      speed_ratio:       1775.0/1760.0 = 1.008523
      scaled_flow:  ['12.51', '291.59', '453.58', '612.41', '744.02', '764.30', '783.76', '923.62', '1144.69', '1145.14', '1242.74', '1317.07']
      scaled_head:  ['75.22', '71.49', '70.09', '68.42', '66.49', '66.01', '65.63', '62.15', '53.12', '53.11', '48.18', '44.11']
      scaled_power: ['7.6838', '10.9688', '13.1470', '14.9904', '16.3280', '16.5168', '16.7031', '17.7001', '18.2348', '18.2257', '18.0410', '17.8501']
    [FINAL] plotted_flow:  [12.51 → 1317.07]
    [FINAL] plotted_head:  [75.22 → 44.11]
    [FINAL] plotted_power: [7.6838 → 17.8501]
    [FINAL] plotted_eff:   [3.09 → 82.05]

  ── Group: PX baseline=8.6425, 7 tests, affinity=True ──

  ── [LOAD+SCALE] 99272133080010A1P ──
    trim=8.6200, stages=4, rpm=1760.0, filing='Fig1. To 0.03125'
    columns: ['curve_no', 'flow', 'speed', 'power_in', 'power_bowl_motor', 'power_bowl_dyno', 'power_pump_motor', 'power_pump_dyno', 'tdh_bowl', 'tdh_pump', 'eff_bowl_motor', 'eff_bowl_dyno', 'eff_pump_motor', 'eff_pump_dyno', 'eff_overall', 'npsha']
    rows: 10
    flow: 10 pts
      values: ['3.92', '587.94', '799.94', '956.41', '1002.00', '1026.55', '1196.36', '1514.73', '1590.83', '1702.00']
    head ('tdh_bowl'): 10 pts
      values: ['306.18', '275.95', '267.53', '254.19', '249.93', '246.87', '227.78', '178.22', '164.23', '142.11']
    power ('power_bowl_dyno'): all zero/negative — trying fallback
    power FALLBACK ('power_bowl_motor'): 10 pts
      values: ['39.9331', '63.7420', '72.4748', '77.8354', '79.1653', '79.7696', '83.1292', '84.9913', '84.3914', '82.6266']
    efficiency ('eff_bowl_motor'): 10 pts
      values: ['0.76', '64.16', '74.44', '78.74', '79.74', '80.09', '82.64', '80.07', '78.04', '73.79']
    [STAGE NORM] 4-stage → dividing head & power by 4
      head BEFORE: ['306.18', '275.95', '267.53', '254.19', '249.93', '246.87', '227.78', '178.22', '164.23', '142.11']
      head AFTER:  ['76.54', '68.99', '66.88', '63.55', '62.48', '61.72', '56.94', '44.55', '41.06', '35.53']
      power BEFORE: ['39.9331', '63.7420', '72.4748', '77.8354', '79.1653', '79.7696', '83.1292', '84.9913', '84.3914', '82.6266']
      power AFTER:  ['9.9833', '15.9355', '18.1187', '19.4588', '19.7913', '19.9424', '20.7823', '21.2478', '21.0979', '20.6567']
    [AFFINITY]
      test_diameter:     8.6200
      baseline_diameter: 8.6425
      dia_ratio:         8.6425/8.6200 = 1.002610
      test_rpm:          1760.0
      baseline_rpm:      1775.0
      speed_ratio:       1775.0/1760.0 = 1.008523
      scaled_flow:  ['3.96', '594.50', '808.86', '967.08', '1013.18', '1038.00', '1209.71', '1531.63', '1608.58', '1720.99']
      scaled_head:  ['78.26', '70.53', '68.38', '64.97', '63.88', '63.10', '58.22', '45.55', '41.98', '36.32']
      scaled_power: ['10.3211', '16.4748', '18.7318', '20.1173', '20.4611', '20.6173', '21.4856', '21.9669', '21.8118', '21.3557']
    [FINAL] plotted_flow:  [3.96 → 1720.99]
    [FINAL] plotted_head:  [78.26 → 36.32]
    [FINAL] plotted_power: [10.3211 → 21.3557]
    [FINAL] plotted_eff:   [0.76 → 73.79]

  ── [LOAD+SCALE] 99272135710010A1P ──
    trim=8.6100, stages=4, rpm=1785.0, filing='Fig1. To 0.03125'
    columns: ['curve_no', 'flow', 'speed', 'power_in', 'power_bowl_motor', 'power_bowl_dyno', 'power_pump_motor', 'power_pump_dyno', 'tdh_bowl', 'tdh_pump', 'eff_bowl_motor', 'eff_bowl_dyno', 'eff_pump_motor', 'eff_pump_dyno', 'eff_overall', 'npsha']
    rows: 10
    flow: 10 pts
      values: ['11.35', '490.01', '954.21', '1155.03', '1202.01', '1257.67', '1430.60', '1607.31', '1790.36', '1885.63']
    head ('tdh_bowl'): 10 pts
      values: ['306.19', '282.01', '258.91', '237.63', '231.11', '223.12', '198.84', '170.01', '131.26', '103.52']
    power ('power_bowl_dyno'): all zero/negative — trying fallback
    power FALLBACK ('power_bowl_motor'): 10 pts
      values: ['40.8197', '60.7428', '79.5000', '84.2969', '85.2106', '85.9751', '87.8294', '87.6708', '84.6621', '81.0847']
    efficiency ('eff_bowl_motor'): 10 pts
      values: ['2.15', '57.43', '78.45', '82.20', '82.30', '82.40', '81.76', '78.69', '70.07', '60.77']
    [STAGE NORM] 4-stage → dividing head & power by 4
      head BEFORE: ['306.19', '282.01', '258.91', '237.63', '231.11', '223.12', '198.84', '170.01', '131.26', '103.52']
      head AFTER:  ['76.55', '70.50', '64.73', '59.41', '57.78', '55.78', '49.71', '42.50', '32.81', '25.88']
      power BEFORE: ['40.8197', '60.7428', '79.5000', '84.2969', '85.2106', '85.9751', '87.8294', '87.6708', '84.6621', '81.0847']
      power AFTER:  ['10.2049', '15.1857', '19.8750', '21.0742', '21.3026', '21.4938', '21.9574', '21.9177', '21.1655', '20.2712']
    [AFFINITY]
      test_diameter:     8.6100
      baseline_diameter: 8.6425
      dia_ratio:         8.6425/8.6100 = 1.003775
      test_rpm:          1785.0
      baseline_rpm:      1775.0
      speed_ratio:       1775.0/1785.0 = 0.994398
      scaled_flow:  ['11.33', '489.11', '952.45', '1152.90', '1199.79', '1255.35', '1427.95', '1604.33', '1787.05', '1882.14']
      scaled_head:  ['76.27', '70.24', '64.49', '59.19', '57.56', '55.57', '49.53', '42.35', '32.69', '25.78']
      scaled_power: ['10.1484', '15.1016', '19.7650', '20.9576', '21.1847', '21.3748', '21.8358', '21.7964', '21.0484', '20.1590']
    [FINAL] plotted_flow:  [11.33 → 1882.14]
    [FINAL] plotted_head:  [76.27 → 25.78]
    [FINAL] plotted_power: [10.1484 → 20.1590]
    [FINAL] plotted_eff:   [2.15 → 60.77]

  ── [LOAD+SCALE] 99272120720010A2P ──
    trim=8.7800, stages=6, rpm=1760.0, filing='Fig1. To 0.03125'
    columns: ['curve_no', 'flow', 'speed', 'power_in', 'power_bowl_motor', 'power_bowl_dyno', 'power_pump_motor', 'power_pump_dyno', 'tdh_bowl', 'tdh_pump', 'eff_bowl_motor', 'eff_bowl_dyno', 'eff_pump_motor', 'eff_pump_dyno', 'eff_overall', 'npsha']
    rows: 11
    flow: 11 pts
      values: ['9.72', '448.00', '595.91', '734.35', '746.95', '747.69', '773.73', '909.58', '1129.54', '1217.56', '1384.80']
    head ('tdh_bowl'): 11 pts
      values: ['418.23', '398.86', '388.17', '374.52', '372.83', '373.05', '369.73', '349.65', '296.36', '271.47', '216.84']
    power ('power_bowl_dyno'): all zero/negative — trying fallback
    power FALLBACK ('power_bowl_motor'): 11 pts
      values: ['42.8131', '75.1928', '83.9642', '91.0102', '91.5142', '91.5894', '92.7768', '97.7216', '100.0534', '99.3491', '95.7506']
    efficiency ('eff_bowl_motor'): 11 pts
      values: ['2.39', '59.91', '69.45', '76.18', '76.71', '76.77', '77.73', '82.04', '84.34', '83.87', '79.06']
    [STAGE NORM] 6-stage → dividing head & power by 6
      head BEFORE: ['418.23', '398.86', '388.17', '374.52', '372.83', '373.05', '369.73', '349.65', '296.36', '271.47', '216.84']
      head AFTER:  ['69.70', '66.48', '64.70', '62.42', '62.14', '62.18', '61.62', '58.28', '49.39', '45.24', '36.14']
      power BEFORE: ['42.8131', '75.1928', '83.9642', '91.0102', '91.5142', '91.5894', '92.7768', '97.7216', '100.0534', '99.3491', '95.7506']
      power AFTER:  ['7.1355', '12.5321', '13.9940', '15.1684', '15.2524', '15.2649', '15.4628', '16.2869', '16.6756', '16.5582', '15.9584']
    [AFFINITY]
      test_diameter:     8.7800
      baseline_diameter: 8.6425
      dia_ratio:         8.6425/8.7800 = 0.984339
      test_rpm:          1760.0
      baseline_rpm:      1775.0
      speed_ratio:       1775.0/1760.0 = 1.008523
      scaled_flow:  ['9.65', '444.74', '591.58', '729.01', '741.52', '742.25', '768.10', '902.96', '1121.32', '1208.70', '1374.73']
      scaled_head:  ['68.69', '65.51', '63.76', '61.52', '61.24', '61.27', '60.73', '57.43', '48.68', '44.59', '35.62']
      scaled_power: ['6.9810', '12.2607', '13.6910', '14.8399', '14.9221', '14.9343', '15.1279', '15.9342', '16.3145', '16.1996', '15.6128']
    [FINAL] plotted_flow:  [9.65 → 1374.73]
    [FINAL] plotted_head:  [68.69 → 35.62]
    [FINAL] plotted_power: [6.9810 → 15.6128]
    [FINAL] plotted_eff:   [2.39 → 79.06]

  ── [LOAD+SCALE] 99272068280030A1P ──
    trim=8.5800, stages=1, rpm=1190.0, filing='Fig1. To 0.03125'
    columns: ['curve_no', 'flow', 'speed', 'power_in', 'power_bowl_motor', 'power_bowl_dyno', 'power_pump_motor', 'power_pump_dyno', 'tdh_bowl', 'tdh_pump', 'eff_bowl_motor', 'eff_bowl_dyno', 'eff_pump_motor', 'eff_pump_dyno', 'eff_overall', 'npsha']
    rows: 9
    flow: 9 pts
      values: ['7.01', '319.56', '625.72', '771.36', '797.04', '822.33', '933.33', '1027.63', '1158.94']
    head ('tdh_bowl'): 9 pts
      values: ['36.18', '31.48', '28.10', '25.45', '24.88', '24.40', '21.67', '18.88', '14.33']
    power ('power_bowl_dyno'): 9 pts
      values: ['3.4678', '4.6728', '6.1974', '6.7465', '6.8152', '6.8484', '7.0791', '7.1780', '7.1313']
    efficiency ('eff_bowl_dyno'): 9 pts
      values: ['1.85', '54.36', '71.62', '73.46', '73.44', '73.96', '72.11', '68.23', '58.81']
    [STAGE NORM] single-stage — no division
    [AFFINITY]
      test_diameter:     8.5800
      baseline_diameter: 8.6425
      dia_ratio:         8.6425/8.5800 = 1.007284
      test_rpm:          1190.0
      baseline_rpm:      1775.0
      speed_ratio:       1775.0/1190.0 = 1.491597
      scaled_flow:  ['10.53', '480.12', '940.13', '1158.94', '1197.52', '1235.51', '1402.29', '1543.97', '1741.26']
      scaled_head:  ['81.67', '71.07', '63.43', '57.45', '56.15', '55.08', '48.91', '42.61', '32.36']
      scaled_power: ['11.7616', '15.8484', '21.0193', '22.8818', '23.1149', '23.2275', '24.0097', '24.3452', '24.1867']
      ⚠ Speed change is 49.2% (>10%). Affinity law accuracy may be reduced.
    [FINAL] plotted_flow:  [10.53 → 1741.26]
    [FINAL] plotted_head:  [81.67 → 32.36]
    [FINAL] plotted_power: [11.7616 → 24.1867]
    [FINAL] plotted_eff:   [1.85 → 58.81]

  ── [LOAD+SCALE] 99272126520010A1P ──
    trim=8.6600, stages=4, rpm=1760.0, filing='Fig1. To 0.03125'
    columns: ['curve_no', 'flow', 'speed', 'power_in', 'power_bowl_motor', 'power_bowl_dyno', 'power_pump_motor', 'power_pump_dyno', 'tdh_bowl', 'tdh_pump', 'eff_bowl_motor', 'eff_bowl_dyno', 'eff_pump_motor', 'eff_pump_dyno', 'eff_overall', 'npsha']
    rows: 12
    flow: 12 pts
      values: ['16.63', '581.90', '793.53', '949.48', '954.13', '1007.91', '1043.02', '1211.55', '1507.97', '1607.71', '1698.60', '1803.17']
    head ('tdh_bowl'): 12 pts
      values: ['311.82', '273.24', '264.81', '252.58', '252.33', '247.29', '243.81', '223.37', '177.51', '157.83', '139.40', '115.29']
    power ('power_bowl_dyno'): all zero/negative — trying fallback
    power FALLBACK ('power_bowl_motor'): 12 pts
      values: ['40.4668', '61.7743', '71.4787', '77.0899', '77.1338', '78.6836', '79.6316', '82.8858', '84.3158', '83.0702', '81.8404', '79.5202']
    efficiency ('eff_bowl_motor'): 12 pts
      values: ['3.23', '64.88', '74.11', '78.42', '78.68', '79.85', '80.50', '82.31', '80.03', '77.00', '72.93', '65.90']
    [STAGE NORM] 4-stage → dividing head & power by 4
      head BEFORE: ['311.82', '273.24', '264.81', '252.58', '252.33', '247.29', '243.81', '223.37', '177.51', '157.83', '139.40', '115.29']
      head AFTER:  ['77.95', '68.31', '66.20', '63.14', '63.08', '61.82', '60.95', '55.84', '44.38', '39.46', '34.85', '28.82']
      power BEFORE: ['40.4668', '61.7743', '71.4787', '77.0899', '77.1338', '78.6836', '79.6316', '82.8858', '84.3158', '83.0702', '81.8404', '79.5202']
      power AFTER:  ['10.1167', '15.4436', '17.8697', '19.2725', '19.2835', '19.6709', '19.9079', '20.7214', '21.0790', '20.7675', '20.4601', '19.8801']
    [AFFINITY]
      test_diameter:     8.6600
      baseline_diameter: 8.6425
      dia_ratio:         8.6425/8.6600 = 0.997979
      test_rpm:          1760.0
      baseline_rpm:      1775.0
      speed_ratio:       1775.0/1760.0 = 1.008523
      scaled_flow:  ['16.73', '585.67', '798.67', '955.64', '960.31', '1014.44', '1049.79', '1219.40', '1517.74', '1618.14', '1709.62', '1814.87']
      scaled_head:  ['78.97', '69.20', '67.06', '63.97', '63.90', '62.63', '61.75', '56.57', '44.96', '39.97', '35.30', '29.20']
      scaled_power: ['10.3148', '15.7460', '18.2196', '19.6498', '19.6610', '20.0561', '20.2977', '21.1272', '21.4917', '21.1742', '20.8607', '20.2693']
    [FINAL] plotted_flow:  [16.73 → 1814.87]
    [FINAL] plotted_head:  [78.97 → 29.20]
    [FINAL] plotted_power: [10.3148 → 20.2693]
    [FINAL] plotted_eff:   [3.23 → 65.90]

  ── [LOAD+SCALE] 99272127620010A1P ──
    trim=8.7600, stages=9, rpm=1760.0, filing='Fig1. To 0.1875'
    columns: ['curve_no', 'flow', 'speed', 'power_in', 'power_bowl_motor', 'power_bowl_dyno', 'power_pump_motor', 'power_pump_dyno', 'tdh_bowl', 'tdh_pump', 'eff_bowl_motor', 'eff_bowl_dyno', 'eff_pump_motor', 'eff_pump_dyno', 'eff_overall', 'npsha']
    rows: 12
    flow: 12 pts
      values: ['11.55', '440.65', '618.05', '713.02', '747.94', '785.01', '788.25', '899.80', '1130.82', '1204.64', '1273.94', '1378.42']
    head ('tdh_bowl'): 12 pts
      values: ['600.16', '557.77', '536.41', '520.61', '513.81', '506.63', '506.31', '479.55', '388.63', '356.57', '321.97', '265.26']
    power ('power_bowl_dyno'): all zero/negative — trying fallback
    power FALLBACK ('power_bowl_motor'): 12 pts
      values: ['57.0908', '100.6719', '116.1225', '123.0485', '125.4012', '127.1127', '127.2599', '132.4327', '132.5014', '131.1415', '128.7528', '122.8928']
    efficiency ('eff_bowl_motor'): 12 pts
      values: ['3.06', '61.54', '71.97', '76.05', '77.25', '78.87', '79.06', '82.14', '83.61', '82.57', '80.31', '75.00']
    [STAGE NORM] 9-stage → dividing head & power by 9
      head BEFORE: ['600.16', '557.77', '536.41', '520.61', '513.81', '506.63', '506.31', '479.55', '388.63', '356.57', '321.97', '265.26']
      head AFTER:  ['66.68', '61.97', '59.60', '57.85', '57.09', '56.29', '56.26', '53.28', '43.18', '39.62', '35.77', '29.47']
      power BEFORE: ['57.0908', '100.6719', '116.1225', '123.0485', '125.4012', '127.1127', '127.2599', '132.4327', '132.5014', '131.1415', '128.7528', '122.8928']
      power AFTER:  ['6.3434', '11.1858', '12.9025', '13.6721', '13.9335', '14.1236', '14.1400', '14.7147', '14.7224', '14.5713', '14.3059', '13.6548']
    [AFFINITY]
      test_diameter:     8.7600
      baseline_diameter: 8.6425
      dia_ratio:         8.6425/8.7600 = 0.986587
      test_rpm:          1760.0
      baseline_rpm:      1775.0
      speed_ratio:       1775.0/1760.0 = 1.008523
      scaled_flow:  ['11.49', '438.44', '614.96', '709.45', '744.19', '781.08', '784.31', '895.30', '1125.16', '1198.61', '1267.56', '1371.52']
      scaled_head:  ['66.02', '61.36', '59.01', '57.27', '56.52', '55.73', '55.70', '52.75', '42.75', '39.22', '35.42', '29.18']
      scaled_power: ['6.2487', '11.0187', '12.7097', '13.4678', '13.7253', '13.9126', '13.9287', '14.4949', '14.5024', '14.3536', '14.0921', '13.4508']
    [FINAL] plotted_flow:  [11.49 → 1371.52]
    [FINAL] plotted_head:  [66.02 → 29.18]
    [FINAL] plotted_power: [6.2487 → 13.4508]
    [FINAL] plotted_eff:   [3.06 → 75.00]

  ── [LOAD+SCALE] 99272150800010A1P ──
    trim=8.7400, stages=9, rpm=1760.0, filing='Fig1. To 0.1875'
    columns: ['curve_no', 'flow', 'speed', 'power_in', 'power_bowl_motor', 'power_bowl_dyno', 'power_pump_motor', 'power_pump_dyno', 'tdh_bowl', 'tdh_pump', 'eff_bowl_motor', 'eff_bowl_dyno', 'eff_pump_motor', 'eff_pump_dyno', 'eff_overall', 'npsha']
    rows: 11
    flow: 11 pts
      values: ['0.00', '468.33', '611.49', '717.03', '748.41', '765.25', '891.76', '1128.43', '1167.72', '1198.13', '1291.18']
    head ('tdh_bowl'): 11 pts
      values: ['595.61', '558.84', '542.86', '525.73', '519.45', '516.19', '486.91', '402.43', '385.21', '371.71', '326.08']
    power ('power_bowl_dyno'): all zero/negative — trying fallback
    power FALLBACK ('power_bowl_motor'): 11 pts
      values: ['56.7111', '103.5091', '116.1911', '123.6436', '125.5457', '126.2523', '132.4022', '134.5006', '134.1975', '133.5335', '130.1914']
    efficiency ('eff_bowl_motor'): 11 pts
      values: ['0.00', '63.74', '72.02', '76.86', '78.06', '78.87', '82.67', '85.11', '84.50', '84.08', '81.52']
    [STAGE NORM] 9-stage → dividing head & power by 9
      head BEFORE: ['595.61', '558.84', '542.86', '525.73', '519.45', '516.19', '486.91', '402.43', '385.21', '371.71', '326.08']
      head AFTER:  ['66.18', '62.09', '60.32', '58.41', '57.72', '57.35', '54.10', '44.71', '42.80', '41.30', '36.23']
      power BEFORE: ['56.7111', '103.5091', '116.1911', '123.6436', '125.5457', '126.2523', '132.4022', '134.5006', '134.1975', '133.5335', '130.1914']
      power AFTER:  ['6.3012', '11.5010', '12.9101', '13.7382', '13.9495', '14.0280', '14.7114', '14.9445', '14.9108', '14.8371', '14.4657']
    [AFFINITY]
      test_diameter:     8.7400
      baseline_diameter: 8.6425
      dia_ratio:         8.6425/8.7400 = 0.988844
      test_rpm:          1760.0
      baseline_rpm:      1775.0
      speed_ratio:       1775.0/1760.0 = 1.008523
      scaled_flow:  ['0.00', '467.05', '609.82', '715.08', '746.37', '763.16', '889.33', '1125.35', '1164.54', '1194.87', '1287.66']
      scaled_head:  ['65.82', '61.75', '59.99', '58.10', '57.40', '57.04', '53.81', '44.47', '42.57', '41.08', '36.03']
      scaled_power: ['6.2498', '11.4071', '12.8048', '13.6260', '13.8357', '13.9135', '14.5913', '14.8225', '14.7891', '14.7160', '14.3476']
    [FINAL] plotted_flow:  [0.00 → 1287.66]
    [FINAL] plotted_head:  [65.82 → 36.03]
    [FINAL] plotted_power: [6.2498 → 14.3476]
    [FINAL] plotted_eff:   [0.00 → 81.52]

  ── Group: PX baseline=8.3250, 0 tests, affinity=False ──

  ── Group: PX baseline=8.0075, 0 tests, affinity=False ──

  ── Group: PX baseline=7.6900, 0 tests, affinity=False ──

======================================================================
  SUMMARY
======================================================================
  Total tests found:     8
  Tests with data:       8
  Groups:                5
  Detail: 8 cached, 0 from Excel
